Archive member included to satisfy reference by file (symbol)

D:/devkitpro/libnds/lib\libnds9.a(console.o)
                              Final.o (consoleDemoInit)
D:/devkitpro/libnds/lib\libnds9.a(keys.o)
                              Final.o (scanKeys)
D:/devkitpro/libnds/lib\libnds9.a(initSystem.o)
                              d:/devkitpro/devkitarm/bin/../lib/gcc/arm-none-eabi/9.1.0/../../../../arm-none-eabi/lib/thumb/ds_arm9_crt0.o (initSystem)
D:/devkitpro/libnds/lib\libnds9.a(timeSupport.o)
                              D:/devkitpro/libnds/lib\libnds9.a(initSystem.o) (__libnds_gtod)
D:/devkitpro/libnds/lib\libnds9.a(securearea.o)
                              d:/devkitpro/devkitarm/bin/../lib/gcc/arm-none-eabi/9.1.0/../../../../arm-none-eabi/lib/thumb/ds_arm9_crt0.o (__secure_area__)
D:/devkitpro/libnds/lib\libnds9.a(interrupts.o)
                              Final.o (irqSet)
D:/devkitpro/libnds/lib\libnds9.a(libnds_exit.arm.o)
                              d:/devkitpro/devkitarm/bin/../lib/gcc/arm-none-eabi/9.1.0/../../../../arm-none-eabi/lib/thumb/ds_arm9_crt0.o (__libnds_exit)
D:/devkitpro/libnds/lib\libnds9.a(fifosystem.o)
                              D:/devkitpro/libnds/lib\libnds9.a(initSystem.o) (fifoSetValue32Handler)
D:/devkitpro/libnds/lib\libnds9.a(mpu_setup.o)
                              d:/devkitpro/devkitarm/bin/../lib/gcc/arm-none-eabi/9.1.0/../../../../arm-none-eabi/lib/thumb/ds_arm9_crt0.o (__libnds_mpu_setup)
D:/devkitpro/libnds/lib\libnds9.a(IntrWait.o)
                              Final.o (swiWaitForVBlank)
D:/devkitpro/libnds/lib\libnds9.a(cpu_clock.o)
                              D:/devkitpro/libnds/lib\libnds9.a(initSystem.o) (setCpuClock)
D:/devkitpro/libnds/lib\libnds9.a(interruptDispatcher.o)
                              D:/devkitpro/libnds/lib\libnds9.a(interrupts.o) (IntrMain)
D:/devkitpro/libnds/lib\libnds9.a(debugprint.o)
                              D:/devkitpro/libnds/lib\libnds9.a(console.o) (nocashWrite)
D:/devkitpro/libnds/lib\libnds9.a(swiSoftReset.o)
                              D:/devkitpro/libnds/lib\libnds9.a(fifosystem.o) (swiSoftReset)
D:/devkitpro/libnds/lib\libnds9.a(default_font.bin.o)
                              D:/devkitpro/libnds/lib\libnds9.a(console.o) (default_font_bin)
D:/devkitpro/libnds/lib\libnds9.a(background.o)
                              D:/devkitpro/libnds/lib\libnds9.a(console.o) (bgState)
D:/devkitpro/libnds/lib\libnds9.a(video.o)
                              D:/devkitpro/libnds/lib\libnds9.a(initSystem.o) (vramDefault)
D:/devkitpro/libnds/lib\libnds9.a(system.o)
                              D:/devkitpro/libnds/lib\libnds9.a(initSystem.o) (systemValueHandler)
D:/devkitpro/libnds/lib\libnds9.a(trig.o)
                              D:/devkitpro/libnds/lib\libnds9.a(background.o) (sinLerp)
D:/devkitpro/libnds/lib\libnds9.a(biosCalls.o)
                              D:/devkitpro/libnds/lib\libnds9.a(system.o) (swiDelay)
d:/devkitpro/devkitarm/bin/../lib/gcc/arm-none-eabi/9.1.0/thumb\libgcc.a(_divsi3.o)
                              Final.o (__aeabi_idivmod)
d:/devkitpro/devkitarm/bin/../lib/gcc/arm-none-eabi/9.1.0/thumb\libgcc.a(_dvmd_tls.o)
                              d:/devkitpro/devkitarm/bin/../lib/gcc/arm-none-eabi/9.1.0/thumb\libgcc.a(_divsi3.o) (__aeabi_idiv0)
d:/devkitpro/devkitarm/bin/../lib/gcc/arm-none-eabi/9.1.0/../../../../arm-none-eabi/lib/thumb\libg.a(lib_a-bsearch.o)
                              D:/devkitpro/libnds/lib\libnds9.a(trig.o) (bsearch)
d:/devkitpro/devkitarm/bin/../lib/gcc/arm-none-eabi/9.1.0/../../../../arm-none-eabi/lib/thumb\libg.a(lib_a-init.o)
                              d:/devkitpro/devkitarm/bin/../lib/gcc/arm-none-eabi/9.1.0/../../../../arm-none-eabi/lib/thumb/ds_arm9_crt0.o (__libc_init_array)
d:/devkitpro/devkitarm/bin/../lib/gcc/arm-none-eabi/9.1.0/../../../../arm-none-eabi/lib/thumb\libg.a(lib_a-iprintf.o)
                              Final.o (iprintf)
d:/devkitpro/devkitarm/bin/../lib/gcc/arm-none-eabi/9.1.0/../../../../arm-none-eabi/lib/thumb\libg.a(lib_a-memcpy-stub.o)
                              D:/devkitpro/libnds/lib\libnds9.a(console.o) (memcpy)
d:/devkitpro/devkitarm/bin/../lib/gcc/arm-none-eabi/9.1.0/../../../../arm-none-eabi/lib/thumb\libg.a(lib_a-memset.o)
                              D:/devkitpro/libnds/lib\libnds9.a(background.o) (memset)
d:/devkitpro/devkitarm/bin/../lib/gcc/arm-none-eabi/9.1.0/../../../../arm-none-eabi/lib/thumb\libg.a(lib_a-rand.o)
                              Final.o (rand)
d:/devkitpro/devkitarm/bin/../lib/gcc/arm-none-eabi/9.1.0/../../../../arm-none-eabi/lib/thumb\libg.a(lib_a-setvbuf.o)
                              D:/devkitpro/libnds/lib\libnds9.a(console.o) (setvbuf)
d:/devkitpro/devkitarm/bin/../lib/gcc/arm-none-eabi/9.1.0/../../../../arm-none-eabi/lib/thumb\libg.a(lib_a-siscanf.o)
                              D:/devkitpro/libnds/lib\libnds9.a(console.o) (siscanf)
[...]
Memory Configuration

Name             Origin             Length             Attributes
ewram            0x0000000002000000 0x0000000000380000
dtcm             0x000000000b000000 0x0000000000004000
vectors          0x0000000001000000 0x0000000000000100
itcm             0x0000000001000100 0x0000000000007f00
*default*        0x0000000000000000 0xffffffffffffffff

Linker script and memory map

                0x0000000002380000                __ewram_end = (ORIGIN (ewram) + LENGTH (ewram))
                0x0000000002380000                __eheap_end = (ORIGIN (ewram) + LENGTH (ewram))
                0x000000000b004000                __dtcm_top = (ORIGIN (dtcm) + LENGTH (dtcm))
                0x000000000b003ff8                __irq_flags = (__dtcm_top - 0x8)
                0x000000000b003ffc                __irq_vector = (__dtcm_top - 0x4)
                0x000000000b003f00                __sp_svc = (__dtcm_top - 0x100)
                0x000000000b003e00                __sp_irq = (__sp_svc - 0x100)
                0x000000000b003d00                __sp_usr = (__sp_irq - 0x100)

.secure         0x0000000002000000      0x800
 *(.secure)
 .secure        0x0000000002000000      0x800 D:/devkitpro/libnds/lib\libnds9.a(securearea.o)
                0x0000000002000000                __secure_area__

.crt0           0x0000000002000800      0x300
                0x0000000002000800                __text_start = .
 *(.crt0)
 .crt0          0x0000000002000800      0x300 d:/devkitpro/devkitarm/bin/../lib/gcc/arm-none-eabi/9.1.0/../../../../arm-none-eabi/lib/thumb/ds_arm9_crt0.o
                0x0000000002000800                _start
                0x0000000002000b00                . = ALIGN (0x4)

.plt
 *(.plt)

.init           0x0000000002000b00        0xc
 *(SORT_NONE(.init))
 .init          0x0000000002000b00        0x4 d:/devkitpro/devkitarm/bin/../lib/gcc/arm-none-eabi/9.1.0/thumb/crti.o
                0x0000000002000b00                _init
 .init          0x0000000002000b04        0x8 d:/devkitpro/devkitarm/bin/../lib/gcc/arm-none-eabi/9.1.0/thumb/crtn.o

.text           0x0000000002000b10     0x9b60
 *(EXCLUDE_FILE(*.twl* *.vectors* *.itcm*) .text)
 .text          0x0000000002000b10      0x920 Final.o
                0x0000000002000b10                int_timer()
                0x0000000002000b20                int_timer2()
                0x0000000002000b30                int_timer3()
                0x0000000002000b40                int_timerEnemigos()
                0x0000000002000b50                Tiles()
                0x0000000002000de0                Framebuffer()
                0x0000000002000ea4                ActualizarRecord()
                0x0000000002000ec0                Inicio()
                0x0000000002000ee4                GameOver()
                0x0000000002000f1c                Win()
                0x0000000002000f54                DibujarPj()
                0x0000000002000f80                DibujarNextPj()
                0x0000000002001038                MovimientoPj()
                0x00000000020010f4                LimpiarTexto()
                0x000000000200110c                ColocarBellotas()
                0x000000000200117c                Enemigos()
                0x00000000020011e0                Juego()
                0x0000000002001204                InterrupcionesJuego()
                0x000000000200129c                MoverEnemigos()
 .text          0x0000000002001430      0x150 d:/devkitpro/devkitarm/bin/../lib/gcc/arm-none-eabi/9.1.0/thumb\libgcc.a(_divsi3.o)
                0x0000000002001430                __divsi3
                0x0000000002001430                __aeabi_idiv
                0x0000000002001560                __aeabi_idivmod
 .text          0x0000000002001580        0x4 d:/devkitpro/devkitarm/bin/../lib/gcc/arm-none-eabi/9.1.0/thumb\libgcc.a(_dvmd_tls.o)
                0x0000000002001580                __aeabi_idiv0
                0x0000000002001580                __aeabi_ldiv0
 .text          0x0000000002001584      0x224 d:/devkitpro/devkitarm/bin/../lib/gcc/arm-none-eabi/9.1.0/../../../../arm-none-eabi/lib/thumb\libg.a(lib_a-strcmp.o)
                0x0000000002001584                strcmp
 .text          0x00000000020017a8       0x14 d:/devkitpro/devkitarm/bin/../lib/gcc/arm-none-eabi/9.1.0/thumb\libgcc.a(_thumb1_case_uqi.o)
                0x00000000020017a8                __gnu_thumb1_case_uqi
 .text          0x00000000020017bc       0x14 d:/devkitpro/devkitarm/bin/../lib/gcc/arm-none-eabi/9.1.0/thumb\libgcc.a(_thumb1_case_uhi.o)
                0x00000000020017bc                __gnu_thumb1_case_uhi
 .text          0x00000000020017d0      0x11c d:/devkitpro/devkitarm/bin/../lib/gcc/arm-none-eabi/9.1.0/thumb\libgcc.a(_udivsi3.o)
                0x00000000020017d0                __aeabi_uidiv
                0x00000000020017d0                __udivsi3
                0x00000000020018cc                __aeabi_uidivmod
 .text          0x00000000020018ec       0x3c d:/devkitpro/devkitarm/bin/../lib/gcc/arm-none-eabi/9.1.0/thumb\libgcc.a(_aeabi_uldivmod.o)
                0x00000000020018ec                __aeabi_uldivmod
 .text          0x0000000002001928       0x28 d:/devkitpro/devkitarm/bin/../lib/gcc/arm-none-eabi/9.1.0/thumb\libgcc.a(_clzdi2.o)
                0x0000000002001928                __clzdi2
 .text          0x0000000002001950       0x48 d:/devkitpro/devkitarm/bin/../lib/gcc/arm-none-eabi/9.1.0/thumb\libgcc.a(_clzsi2.o)
                0x0000000002001950                __clzsi2
 *(EXCLUDE_FILE(*.twl* *.vectors* *.itcm*) .stub)
 *(EXCLUDE_FILE(*.twl* *.vectors* *.itcm*) .text.*)
 .text.deregister_tm_clones
                0x0000000002001998       0x2c d:/devkitpro/devkitarm/bin/../lib/gcc/arm-none-eabi/9.1.0/thumb/crtbegin.o
 .text.register_tm_clones
                0x00000000020019c4       0x34 d:/devkitpro/devkitarm/bin/../lib/gcc/arm-none-eabi/9.1.0/thumb/crtbegin.o
 .text.__do_global_dtors_aux
                0x00000000020019f8       0x30 d:/devkitpro/devkitarm/bin/../lib/gcc/arm-none-eabi/9.1.0/thumb/crtbegin.o
 .text.frame_dummy
                0x0000000002001a28       0x28 d:/devkitpro/devkitarm/bin/../lib/gcc/arm-none-eabi/9.1.0/thumb/crtbegin.o
 .text.startup  0x0000000002001a50      0x14c Final.o
                0x0000000002001a50                main
 .text.newRow   0x0000000002001b9c       0xb4 D:/devkitpro/libnds/lib\libnds9.a(console.o)
 .text.consolePrintChar
                0x0000000002001c50       0xec D:/devkitpro/libnds/lib\libnds9.a(console.o)
                0x0000000002001c50                consolePrintChar
 .text.consoleCls
                0x0000000002001d3c       0xe0 D:/devkitpro/libnds/lib\libnds9.a(console.o)
 .text.consoleLoadFont
                0x0000000002001e1c      0x280 D:/devkitpro/libnds/lib\libnds9.a(console.o)
                0x0000000002001e1c                consoleLoadFont
 .text.consoleInit
                0x000000000200209c      0x15c D:/devkitpro/libnds/lib\libnds9.a(console.o)
                0x000000000200209c                consoleInit
 .text.consoleDemoInit
                0x00000000020021f8       0x40 D:/devkitpro/libnds/lib\libnds9.a(console.o)
                0x00000000020021f8                consoleDemoInit
 .text.con_write
                0x0000000002002238      0x27c D:/devkitpro/libnds/lib\libnds9.a(console.o)
                0x0000000002002238                con_write
 .text.scanKeys
                0x00000000020024b4       0x8c D:/devkitpro/libnds/lib\libnds9.a(keys.o)
                0x00000000020024b4                scanKeys
 .text.keysDown
                0x0000000002002540       0x14 D:/devkitpro/libnds/lib\libnds9.a(keys.o)
                0x0000000002002540                keysDown
 .text.initSystem
                0x0000000002002554      0x198 D:/devkitpro/libnds/lib\libnds9.a(initSystem.o)
                0x0000000002002554                initSystem
 .text.__libnds_gtod
                0x00000000020026ec       0x28 D:/devkitpro/libnds/lib\libnds9.a(timeSupport.o)
                0x00000000020026ec                __libnds_gtod
 .text.irqDummy
                0x0000000002002714        0x4 D:/devkitpro/libnds/lib\libnds9.a(interrupts.o)
                0x0000000002002714                irqDummy
 .text.irqSet   0x0000000002002718       0x6c D:/devkitpro/libnds/lib\libnds9.a(interrupts.o)
                0x0000000002002718                irqSet
 .text.irqInit  0x0000000002002784       0x50 D:/devkitpro/libnds/lib\libnds9.a(interrupts.o)
                0x0000000002002784                irqInit
 .text.irqEnable
                0x00000000020027d4       0x64 D:/devkitpro/libnds/lib\libnds9.a(interrupts.o)
                0x00000000020027d4                irqEnable
 .text.irqDisable
                0x0000000002002838       0x64 D:/devkitpro/libnds/lib\libnds9.a(interrupts.o)
                0x0000000002002838                irqDisable
 .text.systemErrorExit
                0x000000000200289c        0x4 D:/devkitpro/libnds/lib\libnds9.a(libnds_exit.arm.o)
                0x000000000200289c                systemErrorExit
 .text.__libnds_exit
                0x00000000020028a0       0x5c D:/devkitpro/libnds/lib\libnds9.a(libnds_exit.arm.o)
                0x00000000020028a0                __libnds_exit
 .text.fifo_waitBlock
                0x00000000020028fc       0x80 D:/devkitpro/libnds/lib\libnds9.a(fifosystem.o)
 .text.fifo_queueBlock
                0x000000000200297c       0x40 D:/devkitpro/libnds/lib\libnds9.a(fifosystem.o)
 .text.fifoInternalSendInterrupt
                0x00000000020029bc       0xac D:/devkitpro/libnds/lib\libnds9.a(fifosystem.o)
 .text.fifoInternalSend.part.2
                0x0000000002002a68       0xd4 D:/devkitpro/libnds/lib\libnds9.a(fifosystem.o)
 .text.fifoGetValue32.part.3
                0x0000000002002b3c       0x74 D:/devkitpro/libnds/lib\libnds9.a(fifosystem.o)
 .text.fifoSetValue32Handler
                0x0000000002002bb0       0x78 D:/devkitpro/libnds/lib\libnds9.a(fifosystem.o)
                0x0000000002002bb0                fifoSetValue32Handler
 .text.fifoSendValue32
                0x0000000002002c28       0x4c D:/devkitpro/libnds/lib\libnds9.a(fifosystem.o)
                0x0000000002002c28                fifoSendValue32
 .text.fifoGetDatamsg
                0x0000000002002c74      0x138 D:/devkitpro/libnds/lib\libnds9.a(fifosystem.o)
                0x0000000002002c74                fifoGetDatamsg
 .text.fifoInternalRecvInterrupt
                0x0000000002002dac      0x3dc D:/devkitpro/libnds/lib\libnds9.a(fifosystem.o)
 .text.fifoSetDatamsgHandler
                0x0000000002003188       0x9c D:/devkitpro/libnds/lib\libnds9.a(fifosystem.o)
                0x0000000002003188                fifoSetDatamsgHandler
 .text.fifoInit
                0x0000000002003224      0x104 D:/devkitpro/libnds/lib\libnds9.a(fifosystem.o)
                0x0000000002003224                fifoInit
 .text.__libnds_mpu_setup
                0x0000000002003328      0x174 D:/devkitpro/libnds/lib\libnds9.a(mpu_setup.o)
                0x0000000002003328                __libnds_mpu_setup
 .text.memUncached
                0x000000000200349c       0x20 D:/devkitpro/libnds/lib\libnds9.a(mpu_setup.o)
                0x000000000200349c                memUncached
 .text.swiWaitForVBlank
                0x00000000020034bc        0x8 D:/devkitpro/libnds/lib\libnds9.a(IntrWait.o)
                0x00000000020034bc                swiWaitForVBlank
 .text.swiIntrWait
                0x00000000020034c4       0x70 D:/devkitpro/libnds/lib\libnds9.a(IntrWait.o)
                0x00000000020034c4                swiIntrWait
 .text.setCpuClock
                0x0000000002003534       0x50 D:/devkitpro/libnds/lib\libnds9.a(cpu_clock.o)
                0x0000000002003534                setCpuClock
 .text.swiSoftReset
                0x0000000002003584       0x2c D:/devkitpro/libnds/lib\libnds9.a(swiSoftReset.o)
                0x0000000002003584                swiSoftReset
 .text.checkIfText.part.0
                0x00000000020035b0       0x40 D:/devkitpro/libnds/lib\libnds9.a(background.o)
 .text.bgUpdate
                0x00000000020035f0      0x104 D:/devkitpro/libnds/lib\libnds9.a(background.o)
                0x00000000020035f0                bgUpdate
 .text.bgInit_call
                0x00000000020036f4      0x110 D:/devkitpro/libnds/lib\libnds9.a(background.o)
                0x00000000020036f4                bgInit_call
 .text.bgInitSub_call
                0x0000000002003804       0xf4 D:/devkitpro/libnds/lib\libnds9.a(background.o)
                0x0000000002003804                bgInitSub_call
 .text.vramDefault
                0x00000000020038f8       0xd0 D:/devkitpro/libnds/lib\libnds9.a(video.o)
                0x00000000020038f8                vramDefault
 .text.systemValueHandler
                0x00000000020039c8       0x48 D:/devkitpro/libnds/lib\libnds9.a(system.o)
                0x00000000020039c8                systemValueHandler
 .text.systemMsgHandler
                0x0000000002003a10       0x5c D:/devkitpro/libnds/lib\libnds9.a(system.o)
                0x0000000002003a10                systemMsgHandler
 .text.powerOn  0x0000000002003a6c       0x2c D:/devkitpro/libnds/lib\libnds9.a(system.o)
                0x0000000002003a6c                powerOn
 .text.sinLutLookup
                0x0000000002003a98       0x3c D:/devkitpro/libnds/lib\libnds9.a(trig.o)
                0x0000000002003a98                sinLutLookup
 .text.sinLerp  0x0000000002003ad4       0x44 D:/devkitpro/libnds/lib\libnds9.a(trig.o)
                0x0000000002003ad4                sinLerp
 .text.cosLerp  0x0000000002003b18       0x14 D:/devkitpro/libnds/lib\libnds9.a(trig.o)
                0x0000000002003b18                cosLerp
 .text.swiDelay
                0x0000000002003b2c        0x4 D:/devkitpro/libnds/lib\libnds9.a(biosCalls.o)
                0x0000000002003b2c                swiDelay
 .text.__libc_init_array
                0x0000000002003b30       0x50 d:/devkitpro/devkitarm/bin/../lib/gcc/arm-none-eabi/9.1.0/../../../../arm-none-eabi/lib/thumb\libg.a(lib_a-init.o)
                0x0000000002003b30                __libc_init_array
 .text.iprintf  0x0000000002003b80       0x24 d:/devkitpro/devkitarm/bin/../lib/gcc/arm-none-eabi/9.1.0/../../../../arm-none-eabi/lib/thumb\libg.a(lib_a-iprintf.o)
                0x0000000002003b80                iprintf
 .text.memcpy   0x0000000002003ba4       0xa8 d:/devkitpro/devkitarm/bin/../lib/gcc/arm-none-eabi/9.1.0/../../../../arm-none-eabi/lib/thumb\libg.a(lib_a-memcpy-stub.o)
                0x0000000002003ba4                memcpy
 .text.memset   0x0000000002003c4c       0xb0 d:/devkitpro/devkitarm/bin/../lib/gcc/arm-none-eabi/9.1.0/../../../../arm-none-eabi/lib/thumb\libg.a(lib_a-memset.o)
                0x0000000002003c4c                memset
 .text.rand     0x0000000002003cfc       0x34 d:/devkitpro/devkitarm/bin/../lib/gcc/arm-none-eabi/9.1.0/../../../../arm-none-eabi/lib/thumb\libg.a(lib_a-rand.o)
                0x0000000002003cfc                rand
 .text.setvbuf  0x0000000002003d30      0x1ac d:/devkitpro/devkitarm/bin/../lib/gcc/arm-none-eabi/9.1.0/../../../../arm-none-eabi/lib/thumb\libg.a(lib_a-setvbuf.o)
                0x0000000002003d30                setvbuf
 .text.siscanf  0x0000000002003edc       0x4c d:/devkitpro/devkitarm/bin/../lib/gcc/arm-none-eabi/9.1.0/../../../../arm-none-eabi/lib/thumb\libg.a(lib_a-siscanf.o)
                0x0000000002003edc                siscanf
 .text.__sread  0x0000000002003f28       0x34 d:/devkitpro/devkitarm/bin/../lib/gcc/arm-none-eabi/9.1.0/../../../../arm-none-eabi/lib/thumb\libg.a(lib_a-stdio.o)
                0x0000000002003f28                __sread
 .text.__seofread
                0x0000000002003f5c        0x4 d:/devkitpro/devkitarm/bin/../lib/gcc/arm-none-eabi/9.1.0/../../../../arm-none-eabi/lib/thumb\libg.a(lib_a-stdio.o)
                0x0000000002003f5c                __seofread
 .text.__swrite
                0x0000000002003f60       0x54 d:/devkitpro/devkitarm/bin/../lib/gcc/arm-none-eabi/9.1.0/../../../../arm-none-eabi/lib/thumb\libg.a(lib_a-stdio.o)
                0x0000000002003f60                __swrite
 .text.__sseek  0x0000000002003fb4       0x40 d:/devkitpro/devkitarm/bin/../lib/gcc/arm-none-eabi/9.1.0/../../../../arm-none-eabi/lib/thumb\libg.a(lib_a-stdio.o)
                0x0000000002003fb4                __sseek
 .text.__sclose
                0x0000000002003ff4       0x10 d:/devkitpro/devkitarm/bin/../lib/gcc/arm-none-eabi/9.1.0/../../../../arm-none-eabi/lib/thumb\libg.a(lib_a-stdio.o)
                0x0000000002003ff4                __sclose
 .text.strlen   0x0000000002004004       0x60 d:/devkitpro/devkitarm/bin/../lib/gcc/arm-none-eabi/9.1.0/../../../../arm-none-eabi/lib/thumb\libg.a(lib_a-strlen-stub.o)
                0x0000000002004004                strlen
 .text.get_arg  0x0000000002004064       0x32 d:/devkitpro/devkitarm/bin/../lib/gcc/arm-none-eabi/9.1.0/../../../../arm-none-eabi/lib/thumb\libg.a(lib_a-svfiscanf.o)
 .text._sungetc_r
                0x0000000002004096       0x7e d:/devkitpro/devkitarm/bin/../lib/gcc/arm-none-eabi/9.1.0/../../../../arm-none-eabi/lib/thumb\libg.a(lib_a-svfiscanf.o)
                0x0000000002004096                _sungetc_r
 .text.__ssrefill_r
                0x0000000002004114       0x42 d:/devkitpro/devkitarm/bin/../lib/gcc/arm-none-eabi/9.1.0/../../../../arm-none-eabi/lib/thumb\libg.a(lib_a-svfiscanf.o)
                0x0000000002004114                __ssrefill_r
 .text._sfread_r
                0x0000000002004156       0x8a d:/devkitpro/devkitarm/bin/../lib/gcc/arm-none-eabi/9.1.0/../../../../arm-none-eabi/lib/thumb\libg.a(lib_a-svfiscanf.o)
                0x0000000002004156                _sfread_r
 .text.__ssvfiscanf_r
                0x00000000020041e0     0x1b54 d:/devkitpro/devkitarm/bin/../lib/gcc/arm-none-eabi/9.1.0/../../../../arm-none-eabi/lib/thumb\libg.a(lib_a-svfiscanf.o)
                0x00000000020041e0                __ssvfiscanf_r
 .text.__submore
                0x0000000002005d34       0x88 d:/devkitpro/devkitarm/bin/../lib/gcc/arm-none-eabi/9.1.0/../../../../arm-none-eabi/lib/thumb\libg.a(lib_a-ungetc.o)
                0x0000000002005d34                __submore
 .text.get_arg  0x0000000002005dbc      0x3d8 d:/devkitpro/devkitarm/bin/../lib/gcc/arm-none-eabi/9.1.0/../../../../arm-none-eabi/lib/thumb\libg.a(lib_a-vfiprintf.o)
 .text.__sprint_r
                0x0000000002006194       0x20 d:/devkitpro/devkitarm/bin/../lib/gcc/arm-none-eabi/9.1.0/../../../../arm-none-eabi/lib/thumb\libg.a(lib_a-vfiprintf.o)
                0x0000000002006194                __sprint_r
 .text._vfiprintf_r
                0x00000000020061b4     0x1804 d:/devkitpro/devkitarm/bin/../lib/gcc/arm-none-eabi/9.1.0/../../../../arm-none-eabi/lib/thumb\libg.a(lib_a-vfiprintf.o)
                0x00000000020061b4                _vfiprintf_r
 .text.__sbprintf
                0x00000000020079b8       0x8c d:/devkitpro/devkitarm/bin/../lib/gcc/arm-none-eabi/9.1.0/../../../../arm-none-eabi/lib/thumb\libg.a(lib_a-vfiprintf.o)
 .text._wcrtomb_r
                0x0000000002007a44       0x5c d:/devkitpro/devkitarm/bin/../lib/gcc/arm-none-eabi/9.1.0/../../../../arm-none-eabi/lib/thumb\libg.a(lib_a-wcrtomb.o)
                0x0000000002007a44                _wcrtomb_r
 .text._wcsrtombs_r
                0x0000000002007aa0       0x1c d:/devkitpro/devkitarm/bin/../lib/gcc/arm-none-eabi/9.1.0/../../../../arm-none-eabi/lib/thumb\libg.a(lib_a-wcsrtombs.o)
                0x0000000002007aa0                _wcsrtombs_r
 .text.__swsetup_r
                0x0000000002007abc       0xd8 d:/devkitpro/devkitarm/bin/../lib/gcc/arm-none-eabi/9.1.0/../../../../arm-none-eabi/lib/thumb\libg.a(lib_a-wsetup.o)
                0x0000000002007abc                __swsetup_r
 .text.__sflush_r
                0x0000000002007b94      0x1c0 d:/devkitpro/devkitarm/bin/../lib/gcc/arm-none-eabi/9.1.0/../../../../arm-none-eabi/lib/thumb\libg.a(lib_a-fflush.o)
                0x0000000002007b94                __sflush_r
 .text._fflush_r
                0x0000000002007d54       0x70 d:/devkitpro/devkitarm/bin/../lib/gcc/arm-none-eabi/9.1.0/../../../../arm-none-eabi/lib/thumb\libg.a(lib_a-fflush.o)
                0x0000000002007d54                _fflush_r
 .text.std      0x0000000002007dc4       0x54 d:/devkitpro/devkitarm/bin/../lib/gcc/arm-none-eabi/9.1.0/../../../../arm-none-eabi/lib/thumb\libg.a(lib_a-findfp.o)
 .text._cleanup_r
                0x0000000002007e18       0x14 d:/devkitpro/devkitarm/bin/../lib/gcc/arm-none-eabi/9.1.0/../../../../arm-none-eabi/lib/thumb\libg.a(lib_a-findfp.o)
                0x0000000002007e18                _cleanup_r
 .text.__sinit  0x0000000002007e2c       0x64 d:/devkitpro/devkitarm/bin/../lib/gcc/arm-none-eabi/9.1.0/../../../../arm-none-eabi/lib/thumb\libg.a(lib_a-findfp.o)
                0x0000000002007e2c                __sinit
 .text.__sfp_lock_acquire
                0x0000000002007e90       0x14 d:/devkitpro/devkitarm/bin/../lib/gcc/arm-none-eabi/9.1.0/../../../../arm-none-eabi/lib/thumb\libg.a(lib_a-findfp.o)
                0x0000000002007e90                __sfp_lock_acquire
 .text.__sfp_lock_release
                0x0000000002007ea4       0x14 d:/devkitpro/devkitarm/bin/../lib/gcc/arm-none-eabi/9.1.0/../../../../arm-none-eabi/lib/thumb\libg.a(lib_a-findfp.o)
                0x0000000002007ea4                __sfp_lock_release
 .text._malloc_trim_r
                0x0000000002007eb8       0xa0 d:/devkitpro/devkitarm/bin/../lib/gcc/arm-none-eabi/9.1.0/../../../../arm-none-eabi/lib/thumb\libg.a(lib_a-freer.o)
                0x0000000002007eb8                _malloc_trim_r
 .text._free_r  0x0000000002007f58      0x1e0 d:/devkitpro/devkitarm/bin/../lib/gcc/arm-none-eabi/9.1.0/../../../../arm-none-eabi/lib/thumb\libg.a(lib_a-freer.o)
                0x0000000002007f58                _free_r
 .text.__sfvwrite_r
                0x0000000002008138      0x348 d:/devkitpro/devkitarm/bin/../lib/gcc/arm-none-eabi/9.1.0/../../../../arm-none-eabi/lib/thumb\libg.a(lib_a-fvwrite.o)
                0x0000000002008138                __sfvwrite_r
 .text._fwalk_reent
                0x0000000002008480       0x50 d:/devkitpro/devkitarm/bin/../lib/gcc/arm-none-eabi/9.1.0/../../../../arm-none-eabi/lib/thumb\libg.a(lib_a-fwalk.o)
                0x0000000002008480                _fwalk_reent
 .text.iswspace
                0x00000000020084d0       0x10 d:/devkitpro/devkitarm/bin/../lib/gcc/arm-none-eabi/9.1.0/../../../../arm-none-eabi/lib/thumb\libg.a(lib_a-iswspace.o)
                0x00000000020084d0                iswspace
 .text._localeconv_r
                0x00000000020084e0        0x8 d:/devkitpro/devkitarm/bin/../lib/gcc/arm-none-eabi/9.1.0/../../../../arm-none-eabi/lib/thumb\libg.a(lib_a-localeconv.o)
                0x00000000020084e0                _localeconv_r
 .text.__locale_mb_cur_max
                0x00000000020084e8       0x10 d:/devkitpro/devkitarm/bin/../lib/gcc/arm-none-eabi/9.1.0/../../../../arm-none-eabi/lib/thumb\libg.a(lib_a-locale.o)
                0x00000000020084e8                __locale_mb_cur_max
 .text.__swhatbuf_r
                0x00000000020084f8       0x64 d:/devkitpro/devkitarm/bin/../lib/gcc/arm-none-eabi/9.1.0/../../../../arm-none-eabi/lib/thumb\libg.a(lib_a-makebuf.o)
                0x00000000020084f8                __swhatbuf_r
 .text.__smakebuf_r
                0x000000000200855c       0x98 d:/devkitpro/devkitarm/bin/../lib/gcc/arm-none-eabi/9.1.0/../../../../arm-none-eabi/lib/thumb\libg.a(lib_a-makebuf.o)
                0x000000000200855c                __smakebuf_r
 .text.malloc   0x00000000020085f4       0x14 d:/devkitpro/devkitarm/bin/../lib/gcc/arm-none-eabi/9.1.0/../../../../arm-none-eabi/lib/thumb\libg.a(lib_a-malloc.o)
                0x00000000020085f4                malloc
 .text.free     0x0000000002008608       0x14 d:/devkitpro/devkitarm/bin/../lib/gcc/arm-none-eabi/9.1.0/../../../../arm-none-eabi/lib/thumb\libg.a(lib_a-malloc.o)
                0x0000000002008608                free
 .text._malloc_r
                0x000000000200861c      0x59c d:/devkitpro/devkitarm/bin/../lib/gcc/arm-none-eabi/9.1.0/../../../../arm-none-eabi/lib/thumb\libg.a(lib_a-mallocr.o)
                0x000000000200861c                _malloc_r
 .text._mbrtowc_r
                0x0000000002008bb8       0x60 d:/devkitpro/devkitarm/bin/../lib/gcc/arm-none-eabi/9.1.0/../../../../arm-none-eabi/lib/thumb\libg.a(lib_a-mbrtowc.o)
                0x0000000002008bb8                _mbrtowc_r
 .text.__utf8_mbtowc
                0x0000000002008c18      0x280 d:/devkitpro/devkitarm/bin/../lib/gcc/arm-none-eabi/9.1.0/../../../../arm-none-eabi/lib/thumb\libg.a(lib_a-mbtowc_r.o)
                0x0000000002008c18                __utf8_mbtowc
 .text.memchr   0x0000000002008e98       0x78 d:/devkitpro/devkitarm/bin/../lib/gcc/arm-none-eabi/9.1.0/../../../../arm-none-eabi/lib/thumb\libg.a(lib_a-memchr-stub.o)
                0x0000000002008e98                memchr
 .text.memmove  0x0000000002008f10       0xb0 d:/devkitpro/devkitarm/bin/../lib/gcc/arm-none-eabi/9.1.0/../../../../arm-none-eabi/lib/thumb\libg.a(lib_a-memmove.o)
                0x0000000002008f10                memmove
 .text.__malloc_lock
                0x0000000002008fc0       0x14 d:/devkitpro/devkitarm/bin/../lib/gcc/arm-none-eabi/9.1.0/../../../../arm-none-eabi/lib/thumb\libg.a(lib_a-mlock.o)
                0x0000000002008fc0                __malloc_lock
 .text.__malloc_unlock
                0x0000000002008fd4       0x14 d:/devkitpro/devkitarm/bin/../lib/gcc/arm-none-eabi/9.1.0/../../../../arm-none-eabi/lib/thumb\libg.a(lib_a-mlock.o)
                0x0000000002008fd4                __malloc_unlock
 .text.realloc  0x0000000002008fe8       0x18 d:/devkitpro/devkitarm/bin/../lib/gcc/arm-none-eabi/9.1.0/../../../../arm-none-eabi/lib/thumb\libg.a(lib_a-realloc.o)
                0x0000000002008fe8                realloc
 .text._realloc_r
                0x0000000002009000      0x38c d:/devkitpro/devkitarm/bin/../lib/gcc/arm-none-eabi/9.1.0/../../../../arm-none-eabi/lib/thumb\libg.a(lib_a-reallocr.o)
                0x0000000002009000                _realloc_r
 .text.__sccl   0x000000000200938c       0x90 d:/devkitpro/devkitarm/bin/../lib/gcc/arm-none-eabi/9.1.0/../../../../arm-none-eabi/lib/thumb\libg.a(lib_a-sccl.o)
                0x000000000200938c                __sccl
 .text.strncpy  0x000000000200941c       0x74 d:/devkitpro/devkitarm/bin/../lib/gcc/arm-none-eabi/9.1.0/../../../../arm-none-eabi/lib/thumb\libg.a(lib_a-strncpy.o)
                0x000000000200941c                strncpy
 .text._strtoll_l.isra.0
                0x0000000002009490      0x1ac d:/devkitpro/devkitarm/bin/../lib/gcc/arm-none-eabi/9.1.0/../../../../arm-none-eabi/lib/thumb\libg.a(lib_a-strtoll.o)
 .text._strtoll_r
                0x000000000200963c        0xc d:/devkitpro/devkitarm/bin/../lib/gcc/arm-none-eabi/9.1.0/../../../../arm-none-eabi/lib/thumb\libg.a(lib_a-strtoll.o)
                0x000000000200963c                _strtoll_r
 .text._strtol_l.isra.0
                0x0000000002009648      0x140 d:/devkitpro/devkitarm/bin/../lib/gcc/arm-none-eabi/9.1.0/../../../../arm-none-eabi/lib/thumb\libg.a(lib_a-strtol.o)
 .text._strtol_r
                0x0000000002009788        0xc d:/devkitpro/devkitarm/bin/../lib/gcc/arm-none-eabi/9.1.0/../../../../arm-none-eabi/lib/thumb\libg.a(lib_a-strtol.o)
                0x0000000002009788                _strtol_r
 .text._strtoull_l.isra.0
                0x0000000002009794      0x1c8 d:/devkitpro/devkitarm/bin/../lib/gcc/arm-none-eabi/9.1.0/../../../../arm-none-eabi/lib/thumb\libg.a(lib_a-strtoull.o)
 .text._strtoull_r
                0x000000000200995c        0xc d:/devkitpro/devkitarm/bin/../lib/gcc/arm-none-eabi/9.1.0/../../../../arm-none-eabi/lib/thumb\libg.a(lib_a-strtoull.o)
                0x000000000200995c                _strtoull_r
 .text._strtoul_l.isra.0
                0x0000000002009968      0x148 d:/devkitpro/devkitarm/bin/../lib/gcc/arm-none-eabi/9.1.0/../../../../arm-none-eabi/lib/thumb\libg.a(lib_a-strtoul.o)
 .text._strtoul_r
                0x0000000002009ab0        0xc d:/devkitpro/devkitarm/bin/../lib/gcc/arm-none-eabi/9.1.0/../../../../arm-none-eabi/lib/thumb\libg.a(lib_a-strtoul.o)
                0x0000000002009ab0                _strtoul_r
 .text._wcsnrtombs_l
                0x0000000002009abc      0x138 d:/devkitpro/devkitarm/bin/../lib/gcc/arm-none-eabi/9.1.0/../../../../arm-none-eabi/lib/thumb\libg.a(lib_a-wcsnrtombs.o)
                0x0000000002009abc                _wcsnrtombs_l
 .text._wcsnrtombs_r
                0x0000000002009bf4       0x30 d:/devkitpro/devkitarm/bin/../lib/gcc/arm-none-eabi/9.1.0/../../../../arm-none-eabi/lib/thumb\libg.a(lib_a-wcsnrtombs.o)
                0x0000000002009bf4                _wcsnrtombs_r
 .text.__utf8_wctomb
                0x0000000002009c24       0xb4 d:/devkitpro/devkitarm/bin/../lib/gcc/arm-none-eabi/9.1.0/../../../../arm-none-eabi/lib/thumb\libg.a(lib_a-wctomb_r.o)
                0x0000000002009c24                __utf8_wctomb
 .text._fclose_r
                0x0000000002009cd8       0xe8 d:/devkitpro/devkitarm/bin/../lib/gcc/arm-none-eabi/9.1.0/../../../../arm-none-eabi/lib/thumb\libg.a(lib_a-fclose.o)
                0x0000000002009cd8                _fclose_r
 .text.iswspace_l
                0x0000000002009dc0       0x2c d:/devkitpro/devkitarm/bin/../lib/gcc/arm-none-eabi/9.1.0/../../../../arm-none-eabi/lib/thumb\libg.a(lib_a-iswspace_l.o)
                0x0000000002009dc0                iswspace_l
 .text.__jp2uc  0x0000000002009dec      0x164 d:/devkitpro/devkitarm/bin/../lib/gcc/arm-none-eabi/9.1.0/../../../../arm-none-eabi/lib/thumb\libg.a(lib_a-jp2uc.o)
 .text._jp2uc_l
                0x0000000002009f50       0x6c d:/devkitpro/devkitarm/bin/../lib/gcc/arm-none-eabi/9.1.0/../../../../arm-none-eabi/lib/thumb\libg.a(lib_a-jp2uc.o)
                0x0000000002009f50                _jp2uc_l
 .text.category
                0x0000000002009fbc       0x58 d:/devkitpro/devkitarm/bin/../lib/gcc/arm-none-eabi/9.1.0/../../../../arm-none-eabi/lib/thumb\libg.a(lib_a-categories.o)
                0x0000000002009fbc                category
 .text.null_write
                0x000000000200a014        0x4 d:/devkitpro/devkitarm/bin/../lib/gcc/arm-none-eabi/9.1.0/../../../../arm-none-eabi/lib/thumb\libsysbase.a(iosupport.o)
 .text._fstat_r
                0x000000000200a018       0x4c d:/devkitpro/devkitarm/bin/../lib/gcc/arm-none-eabi/9.1.0/../../../../arm-none-eabi/lib/thumb\libsysbase.a(fstat.o)
                0x000000000200a018                _fstat_r
 .text._isatty_r
                0x000000000200a064        0x4 d:/devkitpro/devkitarm/bin/../lib/gcc/arm-none-eabi/9.1.0/../../../../arm-none-eabi/lib/thumb\libsysbase.a(isatty.o)
                0x000000000200a064                _isatty_r
 .text._lseek_r
                0x000000000200a068       0x5c d:/devkitpro/devkitarm/bin/../lib/gcc/arm-none-eabi/9.1.0/../../../../arm-none-eabi/lib/thumb\libsysbase.a(lseek.o)
                0x000000000200a068                _lseek_r
 .text._read_r  0x000000000200a0c4       0x50 d:/devkitpro/devkitarm/bin/../lib/gcc/arm-none-eabi/9.1.0/../../../../arm-none-eabi/lib/thumb\libsysbase.a(read.o)
                0x000000000200a0c4                _read_r
 .text._sbrk_r  0x000000000200a114       0x54 d:/devkitpro/devkitarm/bin/../lib/gcc/arm-none-eabi/9.1.0/../../../../arm-none-eabi/lib/thumb\libsysbase.a(sbrk.o)
                0x000000000200a114                _sbrk_r
 .text._write_r
                0x000000000200a168       0x50 d:/devkitpro/devkitarm/bin/../lib/gcc/arm-none-eabi/9.1.0/../../../../arm-none-eabi/lib/thumb\libsysbase.a(write.o)
                0x000000000200a168                _write_r
 .text.build_argv
                0x000000000200a1b8       0x4c d:/devkitpro/devkitarm/bin/../lib/gcc/arm-none-eabi/9.1.0/../../../../arm-none-eabi/lib/thumb\libsysbase.a(build_argv.o)
                0x000000000200a1b8                build_argv
 .text.__flockfile
                0x000000000200a204       0x10 d:/devkitpro/devkitarm/bin/../lib/gcc/arm-none-eabi/9.1.0/../../../../arm-none-eabi/lib/thumb\libsysbase.a(flock.o)
                0x000000000200a204                __flockfile
 .text.__funlockfile
                0x000000000200a214       0x10 d:/devkitpro/devkitarm/bin/../lib/gcc/arm-none-eabi/9.1.0/../../../../arm-none-eabi/lib/thumb\libsysbase.a(flock.o)
                0x000000000200a214                __funlockfile
 .text.__libc_lock_acquire
                0x000000000200a224       0x1c d:/devkitpro/devkitarm/bin/../lib/gcc/arm-none-eabi/9.1.0/../../../../arm-none-eabi/lib/thumb\libsysbase.a(syscall_support.o)
                0x000000000200a224                __libc_lock_acquire
 .text.__libc_lock_release
                0x000000000200a240       0x1c d:/devkitpro/devkitarm/bin/../lib/gcc/arm-none-eabi/9.1.0/../../../../arm-none-eabi/lib/thumb\libsysbase.a(syscall_support.o)
                0x000000000200a240                __libc_lock_release
 .text.__libc_lock_init_recursive
                0x000000000200a25c       0x1c d:/devkitpro/devkitarm/bin/../lib/gcc/arm-none-eabi/9.1.0/../../../../arm-none-eabi/lib/thumb\libsysbase.a(syscall_support.o)
                0x000000000200a25c                __libc_lock_init_recursive
 .text.__libc_lock_acquire_recursive
                0x000000000200a278       0x1c d:/devkitpro/devkitarm/bin/../lib/gcc/arm-none-eabi/9.1.0/../../../../arm-none-eabi/lib/thumb\libsysbase.a(syscall_support.o)
                0x000000000200a278                __libc_lock_acquire_recursive
 .text.__libc_lock_release_recursive
                0x000000000200a294       0x1c d:/devkitpro/devkitarm/bin/../lib/gcc/arm-none-eabi/9.1.0/../../../../arm-none-eabi/lib/thumb\libsysbase.a(syscall_support.o)
                0x000000000200a294                __libc_lock_release_recursive
 .text.__libc_lock_close_recursive
                0x000000000200a2b0       0x1c d:/devkitpro/devkitarm/bin/../lib/gcc/arm-none-eabi/9.1.0/../../../../arm-none-eabi/lib/thumb\libsysbase.a(syscall_support.o)
                0x000000000200a2b0                __libc_lock_close_recursive
 .text.__get_handle
                0x000000000200a2cc       0x34 d:/devkitpro/devkitarm/bin/../lib/gcc/arm-none-eabi/9.1.0/../../../../arm-none-eabi/lib/thumb\libsysbase.a(handle_manager.o)
                0x000000000200a2cc                __get_handle
 .text._close_r
                0x000000000200a300       0xb8 d:/devkitpro/devkitarm/bin/../lib/gcc/arm-none-eabi/9.1.0/../../../../arm-none-eabi/lib/thumb\libsysbase.a(handle_manager.o)
                0x000000000200a300                _close_r
 .text.__getreent
                0x000000000200a3b8       0x28 d:/devkitpro/devkitarm/bin/../lib/gcc/arm-none-eabi/9.1.0/../../../../arm-none-eabi/lib/thumb\libsysbase.a(getreent.o)
                0x000000000200a3b8                __getreent
 .text.__muldi3
                0x000000000200a3e0       0x54 d:/devkitpro/devkitarm/bin/../lib/gcc/arm-none-eabi/9.1.0/thumb\libgcc.a(_muldi3.o)
                0x000000000200a3e0                __muldi3
                0x000000000200a3e0                __aeabi_lmul
 .text.__udivmoddi4
                0x000000000200a434      0x19c d:/devkitpro/devkitarm/bin/../lib/gcc/arm-none-eabi/9.1.0/thumb\libgcc.a(_udivmoddi4.o)
                0x000000000200a434                __udivmoddi4
 .text.__udivmoddi4.__stub
                0x000000000200a5d0       0x90 linker stubs
 *(EXCLUDE_FILE(*.twl*) .gnu.warning)
 *(EXCLUDE_FILE(*.twl*) .gnu.linkonce.t*)
 *(.glue_7)
 .glue_7        0x000000000200a670        0x0 linker stubs
 *(.glue_7t)
 .glue_7t       0x000000000200a670        0x0 linker stubs
                0x000000000200a670                . = ALIGN (0x4)

.vfp11_veneer   0x000000000200a670        0x0
 .vfp11_veneer  0x000000000200a670        0x0 linker stubs

.v4_bx          0x000000000200a670        0x0
 .v4_bx         0x000000000200a670        0x0 linker stubs

.iplt           0x000000000200a670        0x0
 .iplt          0x000000000200a670        0x0 d:/devkitpro/devkitarm/bin/../lib/gcc/arm-none-eabi/9.1.0/../../../../arm-none-eabi/lib/thumb/ds_arm9_crt0.o

.fini           0x000000000200a670        0xc
 *(.fini)
 .fini          0x000000000200a670        0x4 d:/devkitpro/devkitarm/bin/../lib/gcc/arm-none-eabi/9.1.0/thumb/crti.o
                0x000000000200a670                _fini
 .fini          0x000000000200a674        0x8 d:/devkitpro/devkitarm/bin/../lib/gcc/arm-none-eabi/9.1.0/thumb/crtn.o
                0x000000000200a67c                __text_end = .

.rodata         0x000000000200a67c    0x68d1c
 *(EXCLUDE_FILE(*.twl*) .rodata)
 .rodata        0x000000000200a67c    0x18000 inicio.o
                0x000000000200a67c                inicioBitmap
 .rodata        0x000000000202267c    0x18000 hasGanado.o
                0x000000000202267c                hasGanadoBitmap
 .rodata        0x000000000203a67c    0x18000 gameOver.o
                0x000000000203a67c                gameOverBitmap
 .rodata        0x000000000205267c    0x18000 portada.o
                0x000000000205267c                portadaBitmap
 .rodata        0x000000000206a67c     0x2004 D:/devkitpro/libnds/lib\libnds9.a(default_font.bin.o)
                0x000000000206a67c                default_font_bin
                0x000000000206c67c                default_font_bin_size
                0x000000000206c67c                default_font_bin_end
 *all.rodata*(*)
 *(EXCLUDE_FILE(*.twl*) .roda)
 *(EXCLUDE_FILE(*.twl*) .rodata.*)
 .rodata.str1.4
                0x000000000206c680       0xe4 Final.o
 .rodata.con_write
                0x000000000206c764       0xd4 D:/devkitpro/libnds/lib\libnds9.a(console.o)
 .rodata.con_write.str1.4
                0x000000000206c838       0x30 D:/devkitpro/libnds/lib\libnds9.a(console.o)
 .rodata.dotab_stdout
                0x000000000206c868       0x70 D:/devkitpro/libnds/lib\libnds9.a(console.o)
 .rodata.str1.4
                0x000000000206c8d8       0x14 D:/devkitpro/libnds/lib\libnds9.a(console.o)
 .rodata.SIN_LUT
                0x000000000206c8ec      0x102 D:/devkitpro/libnds/lib\libnds9.a(trig.o)
                0x000000000206c8ec                SIN_LUT
 *fill*         0x000000000206c9ee        0x2 ff
 .rodata.basefix.6959
                0x000000000206c9f0       0x22 d:/devkitpro/devkitarm/bin/../lib/gcc/arm-none-eabi/9.1.0/../../../../arm-none-eabi/lib/thumb\libg.a(lib_a-svfiscanf.o)
 .rodata._vfiprintf_r.str1.1
                0x000000000206ca12       0x29 d:/devkitpro/devkitarm/bin/../lib/gcc/arm-none-eabi/9.1.0/../../../../arm-none-eabi/lib/thumb\libg.a(lib_a-vfiprintf.o)
 *fill*         0x000000000206ca3b        0x1 ff
 .rodata.blanks.7396
                0x000000000206ca3c       0x10 d:/devkitpro/devkitarm/bin/../lib/gcc/arm-none-eabi/9.1.0/../../../../arm-none-eabi/lib/thumb\libg.a(lib_a-vfiprintf.o)
 .rodata.zeroes.7397
                0x000000000206ca4c       0x10 d:/devkitpro/devkitarm/bin/../lib/gcc/arm-none-eabi/9.1.0/../../../../arm-none-eabi/lib/thumb\libg.a(lib_a-vfiprintf.o)
 .rodata._ctype_
                0x000000000206ca5c      0x101 d:/devkitpro/devkitarm/bin/../lib/gcc/arm-none-eabi/9.1.0/../../../../arm-none-eabi/lib/thumb\libg.a(lib_a-ctype_.o)
                0x000000000206ca5c                _ctype_
 *fill*         0x000000000206cb5d        0x3 ff
 .rodata.str1.4
                0x000000000206cb60       0x48 d:/devkitpro/devkitarm/bin/../lib/gcc/arm-none-eabi/9.1.0/../../../../arm-none-eabi/lib/thumb\libg.a(lib_a-locale.o)
                                         0x4c (size before relaxing)
 .rodata._mbrtowc_r.str1.4
                0x000000000206cba8        0x1 d:/devkitpro/devkitarm/bin/../lib/gcc/arm-none-eabi/9.1.0/../../../../arm-none-eabi/lib/thumb\libg.a(lib_a-mbrtowc.o)
 .rodata.__action_table
                0x000000000206cba8       0x6c d:/devkitpro/devkitarm/bin/../lib/gcc/arm-none-eabi/9.1.0/../../../../arm-none-eabi/lib/thumb\libg.a(lib_a-svfiprintf.o)
                0x000000000206cba8                __action_table
 .rodata.__chclass
                0x000000000206cc14      0x100 d:/devkitpro/devkitarm/bin/../lib/gcc/arm-none-eabi/9.1.0/../../../../arm-none-eabi/lib/thumb\libg.a(lib_a-svfiprintf.o)
                0x000000000206cc14                __chclass
 .rodata.__state_table
                0x000000000206cd14       0x6c d:/devkitpro/devkitarm/bin/../lib/gcc/arm-none-eabi/9.1.0/../../../../arm-none-eabi/lib/thumb\libg.a(lib_a-svfiprintf.o)
                0x000000000206cd14                __state_table
 .rodata.__jp2uc
                0x000000000206cd80       0x20 d:/devkitpro/devkitarm/bin/../lib/gcc/arm-none-eabi/9.1.0/../../../../arm-none-eabi/lib/thumb\libg.a(lib_a-jp2uc.o)
 .rodata._jp2uc_l.str1.4
                0x000000000206cda0       0x12 d:/devkitpro/devkitarm/bin/../lib/gcc/arm-none-eabi/9.1.0/../../../../arm-none-eabi/lib/thumb\libg.a(lib_a-jp2uc.o)
 *fill*         0x000000000206cdb2        0x2 ff
 .rodata.a1     0x000000000206cdb4       0xbc d:/devkitpro/devkitarm/bin/../lib/gcc/arm-none-eabi/9.1.0/../../../../arm-none-eabi/lib/thumb\libg.a(lib_a-jp2uc.o)
 .rodata.a2     0x000000000206ce70       0xbc d:/devkitpro/devkitarm/bin/../lib/gcc/arm-none-eabi/9.1.0/../../../../arm-none-eabi/lib/thumb\libg.a(lib_a-jp2uc.o)
 .rodata.a3     0x000000000206cf2c       0x5b d:/devkitpro/devkitarm/bin/../lib/gcc/arm-none-eabi/9.1.0/../../../../arm-none-eabi/lib/thumb\libg.a(lib_a-jp2uc.o)
 *fill*         0x000000000206cf87        0x1 ff
 .rodata.a6     0x000000000206cf88       0x70 d:/devkitpro/devkitarm/bin/../lib/gcc/arm-none-eabi/9.1.0/../../../../arm-none-eabi/lib/thumb\libg.a(lib_a-jp2uc.o)
 .rodata.a7     0x000000000206cff8       0xa2 d:/devkitpro/devkitarm/bin/../lib/gcc/arm-none-eabi/9.1.0/../../../../arm-none-eabi/lib/thumb\libg.a(lib_a-jp2uc.o)
 *fill*         0x000000000206d09a        0x2 ff
 .rodata.a8     0x000000000206d09c       0x40 d:/devkitpro/devkitarm/bin/../lib/gcc/arm-none-eabi/9.1.0/../../../../arm-none-eabi/lib/thumb\libg.a(lib_a-jp2uc.o)
 .rodata.b02cf  0x000000000206d0dc     0x172a d:/devkitpro/devkitarm/bin/../lib/gcc/arm-none-eabi/9.1.0/../../../../arm-none-eabi/lib/thumb\libg.a(lib_a-jp2uc.o)
 *fill*         0x000000000206e806        0x2 ff
 .rodata.d02f4  0x000000000206e808     0x1a7c d:/devkitpro/devkitarm/bin/../lib/gcc/arm-none-eabi/9.1.0/../../../../arm-none-eabi/lib/thumb\libg.a(lib_a-jp2uc.o)
 .rodata.categories
                0x0000000002070284     0x309c d:/devkitpro/devkitarm/bin/../lib/gcc/arm-none-eabi/9.1.0/../../../../arm-none-eabi/lib/thumb\libg.a(lib_a-categories.o)
 .rodata.AddDevice.str1.4
                0x0000000002073320        0x8 d:/devkitpro/devkitarm/bin/../lib/gcc/arm-none-eabi/9.1.0/../../../../arm-none-eabi/lib/thumb\libsysbase.a(iosupport.o)
 .rodata.dotab_stdnull
                0x0000000002073328       0x70 d:/devkitpro/devkitarm/bin/../lib/gcc/arm-none-eabi/9.1.0/../../../../arm-none-eabi/lib/thumb\libsysbase.a(iosupport.o)
                0x0000000002073328                dotab_stdnull
 *(EXCLUDE_FILE(*.twl*) .gnu.linkonce.r*)
                0x0000000002073398                . = ALIGN (0x4)

.ARM.extab
 *(.ARM.extab* .gnu.linkonce.armextab.*)
                0x0000000002073398                __exidx_start = .

ARM.exidx
 *(.ARM.exidx* .gnu.linkonce.armexidx.*)
                0x0000000002073398                __exidx_end = .
                0x0000000002073398                . = ALIGN (0x4)
                0x0000000002073398                PROVIDE (__preinit_array_start = .)

.preinit_array
 *(.preinit_array)
                0x0000000002073398                PROVIDE (__preinit_array_end = .)
                0x0000000002073398                PROVIDE (__init_array_start = .)

.init_array     0x0000000002073398        0x4
 *(SORT_BY_NAME(.init_array.*))
 *(.init_array)
 .init_array    0x0000000002073398        0x4 d:/devkitpro/devkitarm/bin/../lib/gcc/arm-none-eabi/9.1.0/thumb/crtbegin.o
                0x000000000207339c                PROVIDE (__init_array_end = .)
                [!provide]                        PROVIDE (__fini_array_start = .)

.fini_array     0x000000000207339c        0x4
 *(.fini_array)
 .fini_array    0x000000000207339c        0x4 d:/devkitpro/devkitarm/bin/../lib/gcc/arm-none-eabi/9.1.0/thumb/crtbegin.o
 *(SORT_BY_NAME(.fini_array.*))
                [!provide]                        PROVIDE (__fini_array_end = .)

.ctors          0x00000000020733a0        0x0
 *crtbegin.o(.ctors)
 *(EXCLUDE_FILE(*crtend.o) .ctors)
 *(SORT_BY_NAME(.ctors.*))
 *(.ctors)
                0x00000000020733a0                . = ALIGN (0x4)

.dtors          0x00000000020733a0        0x0
 *crtbegin.o(.dtors)
 *(EXCLUDE_FILE(*crtend.o) .dtors)
 *(SORT_BY_NAME(.dtors.*))
 *(.dtors)
                0x00000000020733a0                . = ALIGN (0x4)

.eh_frame       0x00000000020733a0        0x4
 *(.eh_frame)
 .eh_frame      0x00000000020733a0        0x0 d:/devkitpro/devkitarm/bin/../lib/gcc/arm-none-eabi/9.1.0/thumb/crtbegin.o
 .eh_frame      0x00000000020733a0        0x4 d:/devkitpro/devkitarm/bin/../lib/gcc/arm-none-eabi/9.1.0/thumb/crtend.o
                0x00000000020733a4                . = ALIGN (0x4)

.rel.dyn        0x00000000020733a4        0x0
 .rel.iplt      0x00000000020733a4        0x0 d:/devkitpro/devkitarm/bin/../lib/gcc/arm-none-eabi/9.1.0/../../../../arm-none-eabi/lib/thumb/ds_arm9_crt0.o

.gcc_except_table
                0x00000000020733a4        0x0
 *(.gcc_except_table)
                0x00000000020733a4                . = ALIGN (0x4)

.jcr
 *(.jcr)

.got
 *(.got.plt)
 *(.got)
 *(.rel.got)

.ewram          0x00000000020733a4        0x0
                0x00000000020733a4                __ewram_start = ABSOLUTE (.)
 *(.ewram)
 *ewram.*(.text)
                0x00000000020733a4                . = ALIGN (0x4)

.data           0x00000000020733a4     0x24b8
                0x00000000020733a4                __data_start = ABSOLUTE (.)
 *(EXCLUDE_FILE(*.twl*) .data)
 .data          0x00000000020733a4      0x900 Final.o
                0x00000000020733a4                t_jugador
                0x00000000020733e4                t_jmedio
                0x0000000002073424                t_jdificil
                0x0000000002073464                t_bellota
                0x00000000020734a4                t_inicial
                0x00000000020734e4                t_medio
                0x0000000002073524                t_dificil
                0x0000000002073564                t_enemigo
                0x00000000020735a4                t_enemigo_medio
                0x00000000020735e4                t_enemigo_dificil
                0x0000000002073624                t_bellotamedio
                0x0000000002073664                t_bellotadificil
                0x00000000020736a4                mapData
 .data          0x0000000002073ca4       0x28 D:/devkitpro/libnds/lib\libnds9.a(mpu_setup.o)
 *(EXCLUDE_FILE(*.twl*) .data.*)
 .data.currentConsole
                0x0000000002073ccc        0x4 D:/devkitpro/libnds/lib\libnds9.a(console.o)
                0x0000000002073ccc                currentConsole
 .data.defaultConsole
                0x0000000002073cd0       0x5c D:/devkitpro/libnds/lib\libnds9.a(console.o)
                0x0000000002073cd0                defaultConsole
 .data.firstConsoleInit.6889
                0x0000000002073d2c        0x1 D:/devkitpro/libnds/lib\libnds9.a(console.o)
 .data.count    0x0000000002073d2d        0x1 D:/devkitpro/libnds/lib\libnds9.a(keys.o)
 .data.delay    0x0000000002073d2e        0x1 D:/devkitpro/libnds/lib\libnds9.a(keys.o)
 .data.repeat   0x0000000002073d2f        0x1 D:/devkitpro/libnds/lib\libnds9.a(keys.o)
 .data.fifo_buffer_free
                0x0000000002073d30        0x4 D:/devkitpro/libnds/lib\libnds9.a(fifosystem.o)
                0x0000000002073d30                fifo_buffer_free
 .data.fifo_freewords
                0x0000000002073d34        0x4 D:/devkitpro/libnds/lib\libnds9.a(fifosystem.o)
                0x0000000002073d34                fifo_freewords
 .data.fifo_receive_queue
                0x0000000002073d38        0x4 D:/devkitpro/libnds/lib\libnds9.a(fifosystem.o)
                0x0000000002073d38                fifo_receive_queue
 .data.fifo_send_queue
                0x0000000002073d3c        0x4 D:/devkitpro/libnds/lib\libnds9.a(fifosystem.o)
                0x0000000002073d3c                fifo_send_queue
 .data.bgControl
                0x0000000002073d40       0x20 D:/devkitpro/libnds/lib\libnds9.a(background.o)
                0x0000000002073d40                bgControl
 .data.bgScrollTable
                0x0000000002073d60       0x20 D:/devkitpro/libnds/lib\libnds9.a(background.o)
                0x0000000002073d60                bgScrollTable
 .data.bgTransform
                0x0000000002073d80       0x20 D:/devkitpro/libnds/lib\libnds9.a(background.o)
                0x0000000002073d80                bgTransform
 .data.__sfp_recursive_mutex
                0x0000000002073da0        0xc d:/devkitpro/devkitarm/bin/../lib/gcc/arm-none-eabi/9.1.0/../../../../arm-none-eabi/lib/thumb\libg.a(lib_a-findfp.o)
 .data.__sinit_recursive_mutex
                0x0000000002073dac        0xc d:/devkitpro/devkitarm/bin/../lib/gcc/arm-none-eabi/9.1.0/../../../../arm-none-eabi/lib/thumb\libg.a(lib_a-findfp.o)
 .data._impure_ptr
                0x0000000002073db8        0x4 d:/devkitpro/devkitarm/bin/../lib/gcc/arm-none-eabi/9.1.0/../../../../arm-none-eabi/lib/thumb\libg.a(lib_a-impure.o)
                0x0000000002073db8                _impure_ptr
 *fill*         0x0000000002073dbc        0x4 ff
 .data.impure_data
                0x0000000002073dc0      0x460 d:/devkitpro/devkitarm/bin/../lib/gcc/arm-none-eabi/9.1.0/../../../../arm-none-eabi/lib/thumb\libg.a(lib_a-impure.o)
 .data.__global_locale
                0x0000000002074220      0x16c d:/devkitpro/devkitarm/bin/../lib/gcc/arm-none-eabi/9.1.0/../../../../arm-none-eabi/lib/thumb\libg.a(lib_a-locale.o)
                0x0000000002074220                __global_locale
 .data.__malloc_av_
                0x000000000207438c      0x408 d:/devkitpro/devkitarm/bin/../lib/gcc/arm-none-eabi/9.1.0/../../../../arm-none-eabi/lib/thumb\libg.a(lib_a-mallocr.o)
                0x000000000207438c                __malloc_av_
 .data.__malloc_sbrk_base
                0x0000000002074794        0x4 d:/devkitpro/devkitarm/bin/../lib/gcc/arm-none-eabi/9.1.0/../../../../arm-none-eabi/lib/thumb\libg.a(lib_a-mallocr.o)
                0x0000000002074794                __malloc_sbrk_base
 .data.__malloc_trim_threshold
                0x0000000002074798        0x4 d:/devkitpro/devkitarm/bin/../lib/gcc/arm-none-eabi/9.1.0/../../../../arm-none-eabi/lib/thumb\libg.a(lib_a-mallocr.o)
                0x0000000002074798                __malloc_trim_threshold
 .data.__malloc_recursive_mutex
                0x000000000207479c        0xc d:/devkitpro/devkitarm/bin/../lib/gcc/arm-none-eabi/9.1.0/../../../../arm-none-eabi/lib/thumb\libg.a(lib_a-mlock.o)
 .data.devoptab_list
                0x00000000020747a8       0x8c d:/devkitpro/devkitarm/bin/../lib/gcc/arm-none-eabi/9.1.0/../../../../arm-none-eabi/lib/thumb\libsysbase.a(iosupport.o)
                0x00000000020747a8                devoptab_list
 .data.__hndl_lock
                0x0000000002074834        0x4 d:/devkitpro/devkitarm/bin/../lib/gcc/arm-none-eabi/9.1.0/../../../../arm-none-eabi/lib/thumb\libsysbase.a(handle_manager.o)
 .data.__stderr_handle
                0x0000000002074838        0xc d:/devkitpro/devkitarm/bin/../lib/gcc/arm-none-eabi/9.1.0/../../../../arm-none-eabi/lib/thumb\libsysbase.a(handle_manager.o)
 .data.__stdin_handle
                0x0000000002074844        0xc d:/devkitpro/devkitarm/bin/../lib/gcc/arm-none-eabi/9.1.0/../../../../arm-none-eabi/lib/thumb\libsysbase.a(handle_manager.o)
 .data.__stdout_handle
                0x0000000002074850        0xc d:/devkitpro/devkitarm/bin/../lib/gcc/arm-none-eabi/9.1.0/../../../../arm-none-eabi/lib/thumb\libsysbase.a(handle_manager.o)
 .data.handles  0x000000000207485c     0x1000 d:/devkitpro/devkitarm/bin/../lib/gcc/arm-none-eabi/9.1.0/../../../../arm-none-eabi/lib/thumb\libsysbase.a(handle_manager.o)
 *(EXCLUDE_FILE(*.twl*) .gnu.linkonce.d*)
                0x000000000207585c                . = ALIGN (0x4)
                0x000000000207585c                __data_end = ABSOLUTE (.)
                0x000000000207585c                __bss_vma = .

.igot.plt       0x000000000207585c        0x0
 .igot.plt      0x000000000207585c        0x0 d:/devkitpro/devkitarm/bin/../lib/gcc/arm-none-eabi/9.1.0/../../../../arm-none-eabi/lib/thumb/ds_arm9_crt0.o

.tm_clone_table
                0x000000000207585c        0x0
 .tm_clone_table
                0x000000000207585c        0x0 d:/devkitpro/devkitarm/bin/../lib/gcc/arm-none-eabi/9.1.0/thumb/crtbegin.o
 .tm_clone_table
                0x000000000207585c        0x0 d:/devkitpro/devkitarm/bin/../lib/gcc/arm-none-eabi/9.1.0/thumb/crtend.o

.dtcm           0x000000000b000000        0x0 load address 0x000000000207585c
                0x000000000207585c                __dtcm_lma = LOADADDR (.dtcm)
                0x000000000b000000                __dtcm_start = ABSOLUTE (.)
 *(.dtcm)
 *(.dtcm.*)
                0x000000000b000000                . = ALIGN (0x4)
                0x000000000b000000                __dtcm_end = ABSOLUTE (.)

.itcm           0x0000000001000100      0x194 load address 0x000000000207585c
                0x000000000207585c                __itcm_lma = LOADADDR (.itcm)
                0x0000000001000100                __itcm_start = ABSOLUTE (.)
 *(.itcm)
 .itcm          0x0000000001000100       0xc8 D:/devkitpro/libnds/lib\libnds9.a(interrupts.o)
                0x0000000001000100                irqTable
 .itcm          0x00000000010001c8       0xcc D:/devkitpro/libnds/lib\libnds9.a(interruptDispatcher.o)
                0x00000000010001c8                IntrMain
 *.itcm*(.text .stub .text.*)
                0x0000000001000294                . = ALIGN (0x4)
                0x0000000001000294                __itcm_end = ABSOLUTE (.)

.vectors        0x0000000001000000        0x0 load address 0x00000000020759f0
                0x00000000020759f0                __vectors_lma = LOADADDR (.vectors)
                0x0000000001000000                __vectors_start = ABSOLUTE (.)
 *(.vectors .vectors.*)
                0x0000000001000000                . = ALIGN (0x4)
                0x0000000001000000                __vectors_end = ABSOLUTE (.)

.sbss           0x000000000b000000        0x0
                0x000000000b000000                __sbss_start = ABSOLUTE (.)
                0x000000000b000000                __sbss_start__ = ABSOLUTE (.)
 *(.sbss)
                0x000000000b000000                . = ALIGN (0x4)
                0x000000000b000000                __sbss_end = ABSOLUTE (.)

.bss            0x000000000207585c      0xce0
                0x000000000207585c                __bss_start = ABSOLUTE (.)
                0x000000000207585c                __bss_start__ = ABSOLUTE (.)
 *(EXCLUDE_FILE(*.twl*) .dynbss)
 *(EXCLUDE_FILE(*.twl*) .gnu.linkonce.b*)
 *(EXCLUDE_FILE(*.twl*) .bss*)
 .bss.completed.9071
                0x000000000207585c        0x1 d:/devkitpro/devkitarm/bin/../lib/gcc/arm-none-eabi/9.1.0/thumb/crtbegin.o
 *fill*         0x000000000207585d        0x3 
 .bss.object.9076
                0x0000000002075860       0x18 d:/devkitpro/devkitarm/bin/../lib/gcc/arm-none-eabi/9.1.0/thumb/crtbegin.o
 .bss           0x0000000002075878       0x40 Final.o
                0x0000000002075878                tiempo
                0x000000000207587c                tiempo2
                0x0000000002075884                pos_mapMemory
                0x0000000002075888                pos_mapData
                0x000000000207588c                columna
                0x0000000002075890                fila
                0x0000000002075894                bellotas
                0x0000000002075898                record
                0x000000000207589c                nuevoRecord
                0x00000000020758a0                cambio
                0x00000000020758a4                estado
                0x00000000020758a8                filaPJ
                0x00000000020758ac                columnaPJ
                0x00000000020758b0                columenemigo
                0x00000000020758b4                filaenemigo
 .bss.keys      0x00000000020758b8        0x2 D:/devkitpro/libnds/lib\libnds9.a(keys.o)
 .bss.keysold   0x00000000020758ba        0x2 D:/devkitpro/libnds/lib\libnds9.a(keys.o)
 .bss.keysrepeat
                0x00000000020758bc        0x2 D:/devkitpro/libnds/lib\libnds9.a(keys.o)
 *fill*         0x00000000020758be        0x2 
 .bss.processing
                0x00000000020758c0        0x4 D:/devkitpro/libnds/lib\libnds9.a(fifosystem.o)
                0x00000000020758c0                processing
 .bss.SDcallback
                0x00000000020758c4        0x4 D:/devkitpro/libnds/lib\libnds9.a(system.o)
 .bss.__malloc_current_mallinfo
                0x00000000020758c8       0x28 d:/devkitpro/devkitarm/bin/../lib/gcc/arm-none-eabi/9.1.0/../../../../arm-none-eabi/lib/thumb\libg.a(lib_a-mallocr.o)
                0x00000000020758c8                __malloc_current_mallinfo
 .bss.__malloc_max_sbrked_mem
                0x00000000020758f0        0x4 d:/devkitpro/devkitarm/bin/../lib/gcc/arm-none-eabi/9.1.0/../../../../arm-none-eabi/lib/thumb\libg.a(lib_a-mallocr.o)
                0x00000000020758f0                __malloc_max_sbrked_mem
 .bss.__malloc_max_total_mem
                0x00000000020758f4        0x4 d:/devkitpro/devkitarm/bin/../lib/gcc/arm-none-eabi/9.1.0/../../../../arm-none-eabi/lib/thumb\libg.a(lib_a-mallocr.o)
                0x00000000020758f4                __malloc_max_total_mem
 .bss.__malloc_top_pad
                0x00000000020758f8        0x4 d:/devkitpro/devkitarm/bin/../lib/gcc/arm-none-eabi/9.1.0/../../../../arm-none-eabi/lib/thumb\libg.a(lib_a-mallocr.o)
                0x00000000020758f8                __malloc_top_pad
 .bss.heap_start.6057
                0x00000000020758fc        0x4 d:/devkitpro/devkitarm/bin/../lib/gcc/arm-none-eabi/9.1.0/../../../../arm-none-eabi/lib/thumb\libsysbase.a(sbrk.o)
 .bss.fake_heap_end
                0x0000000002075900        0x4 d:/devkitpro/devkitarm/bin/../lib/gcc/arm-none-eabi/9.1.0/../../../../arm-none-eabi/lib/thumb\libsysbase.a(malloc_vars.o)
                0x0000000002075900                fake_heap_end
 .bss.fake_heap_start
                0x0000000002075904        0x4 d:/devkitpro/devkitarm/bin/../lib/gcc/arm-none-eabi/9.1.0/../../../../arm-none-eabi/lib/thumb\libsysbase.a(malloc_vars.o)
                0x0000000002075904                fake_heap_start
 .bss.__syscalls
                0x0000000002075908       0x48 d:/devkitpro/devkitarm/bin/../lib/gcc/arm-none-eabi/9.1.0/../../../../arm-none-eabi/lib/thumb\libsysbase.a(syscall_support.o)
                0x0000000002075908                __syscalls
 *(EXCLUDE_FILE(*.twl*) COMMON)
 COMMON         0x0000000002075950       0x5c D:/devkitpro/libnds/lib\libnds9.a(console.o)
                0x0000000002075950                currentCopy
 COMMON         0x00000000020759ac        0x1 D:/devkitpro/libnds/lib\libnds9.a(initSystem.o)
                0x00000000020759ac                __dsimode
 *fill*         0x00000000020759ad        0x3 
 COMMON         0x00000000020759b0        0x4 D:/devkitpro/libnds/lib\libnds9.a(timeSupport.o)
                0x00000000020759b0                punixTime
 COMMON         0x00000000020759b4      0xa40 D:/devkitpro/libnds/lib\libnds9.a(fifosystem.o)
                0x00000000020759b4                fifo_datamsg_data
                0x00000000020759f4                fifo_buffer
                0x00000000020761f4                fifo_value32_func
                0x0000000002076234                fifo_address_func
                0x0000000002076274                fifo_value32_data
                0x00000000020762b4                fifo_value32_queue
                0x00000000020762f4                fifo_data_queue
                0x0000000002076334                fifo_address_data
                0x0000000002076374                fifo_datamsg_func
                0x00000000020763b4                fifo_address_queue
 COMMON         0x00000000020763f4      0x148 D:/devkitpro/libnds/lib\libnds9.a(background.o)
                0x00000000020763f4                bgState
                0x0000000002076534                bgIsTextLut
                0x000000000207653c                . = ALIGN (0x4)
                0x000000000207653c                __bss_end__ = ABSOLUTE (.)
                0x000000000207653c                __end__ = ABSOLUTE (.)

.twl            0x000000000207653c        0x0 load address 0x0000000002400000
                0x0000000002400000                __arm9i_lma__ = LOADADDR (.twl)
                0x000000000207653c                __arm9i_start__ = ABSOLUTE (.)
 *(.twl)
 *.twl*(.text .stub .text.* .gnu.linkonce.t.*)
 *.twl*(.rodata)
 *.twl*(.roda)
 *.twl*(.rodata.*)
 *.twl*(.data)
 *.twl*(.data.*)
 *.twl*(.gnu.linkonce.d*)
                0x000000000207653c                __arm9i_end__ = ABSOLUTE (.)

.twl_bss        0x000000000207653c        0x0
                0x000000000207653c                __twl_bss_start__ = ABSOLUTE (.)
 *(.twl_bss)
 *.twl*(.dynbss)
 *.twl*(.gnu.linkonce.b*)
 *.twl*(.bss*)
 *.twl*(COMMON)
                0x000000000207653c                . = ALIGN (0x4)
                0x000000000207653c                __twl_bss_end__ = ABSOLUTE (.)
                0x000000000207653c                __twl_end__ = ABSOLUTE (.)

.stab
 *(.stab)

.stabstr
 *(.stabstr)

.stab.excl
 *(.stab.excl)

.stab.exclstr
 *(.stab.exclstr)

.stab.index
 *(.stab.index)

.stab.indexstr
 *(.stab.indexstr)

.comment        0x0000000000000000       0x44
 *(.comment)
 .comment       0x0000000000000000       0x22 d:/devkitpro/devkitarm/bin/../lib/gcc/arm-none-eabi/9.1.0/thumb/crtbegin.o
                                         0x23 (size before relaxing)
 .comment       0x0000000000000022       0x23 Final.o
 .comment       0x0000000000000022       0x22 D:/devkitpro/libnds/lib\libnds9.a(console.o)
                                         0x23 (size before relaxing)
 .comment       0x0000000000000044       0x23 D:/devkitpro/libnds/lib\libnds9.a(keys.o)
 .comment       0x0000000000000044       0x23 D:/devkitpro/libnds/lib\libnds9.a(initSystem.o)
 .comment       0x0000000000000044       0x23 D:/devkitpro/libnds/lib\libnds9.a(timeSupport.o)
 .comment       0x0000000000000044       0x23 D:/devkitpro/libnds/lib\libnds9.a(securearea.o)
 .comment       0x0000000000000044       0x23 D:/devkitpro/libnds/lib\libnds9.a(interrupts.o)
 .comment       0x0000000000000044       0x23 D:/devkitpro/libnds/lib\libnds9.a(libnds_exit.arm.o)
 .comment       0x0000000000000044       0x23 D:/devkitpro/libnds/lib\libnds9.a(fifosystem.o)
 .comment       0x0000000000000044       0x23 D:/devkitpro/libnds/lib\libnds9.a(background.o)
 .comment       0x0000000000000044       0x23 D:/devkitpro/libnds/lib\libnds9.a(video.o)
 .comment       0x0000000000000044       0x23 D:/devkitpro/libnds/lib\libnds9.a(system.o)
 .comment       0x0000000000000044       0x23 D:/devkitpro/libnds/lib\libnds9.a(trig.o)
 .comment       0x0000000000000044       0x23 d:/devkitpro/devkitarm/bin/../lib/gcc/arm-none-eabi/9.1.0/../../../../arm-none-eabi/lib/thumb\libg.a(lib_a-init.o)
 .comment       0x0000000000000044       0x23 d:/devkitpro/devkitarm/bin/../lib/gcc/arm-none-eabi/9.1.0/../../../../arm-none-eabi/lib/thumb\libg.a(lib_a-iprintf.o)
 .comment       0x0000000000000044       0x23 d:/devkitpro/devkitarm/bin/../lib/gcc/arm-none-eabi/9.1.0/../../../../arm-none-eabi/lib/thumb\libg.a(lib_a-memcpy-stub.o)
 .comment       0x0000000000000044       0x23 d:/devkitpro/devkitarm/bin/../lib/gcc/arm-none-eabi/9.1.0/../../../../arm-none-eabi/lib/thumb\libg.a(lib_a-memset.o)
 .comment       0x0000000000000044       0x23 d:/devkitpro/devkitarm/bin/../lib/gcc/arm-none-eabi/9.1.0/../../../../arm-none-eabi/lib/thumb\libg.a(lib_a-rand.o)
 .comment       0x0000000000000044       0x23 d:/devkitpro/devkitarm/bin/../lib/gcc/arm-none-eabi/9.1.0/../../../../arm-none-eabi/lib/thumb\libg.a(lib_a-setvbuf.o)
 .comment       0x0000000000000044       0x23 d:/devkitpro/devkitarm/bin/../lib/gcc/arm-none-eabi/9.1.0/../../../../arm-none-eabi/lib/thumb\libg.a(lib_a-siscanf.o)
 .comment       0x0000000000000044       0x23 d:/devkitpro/devkitarm/bin/../lib/gcc/arm-none-eabi/9.1.0/../../../../arm-none-eabi/lib/thumb\libg.a(lib_a-stdio.o)
 .comment       0x0000000000000044       0x23 d:/devkitpro/devkitarm/bin/../lib/gcc/arm-none-eabi/9.1.0/../../../../arm-none-eabi/lib/thumb\libg.a(lib_a-strlen-stub.o)
 .comment       0x0000000000000044       0x23 d:/devkitpro/devkitarm/bin/../lib/gcc/arm-none-eabi/9.1.0/../../../../arm-none-eabi/lib/thumb\libg.a(lib_a-svfiscanf.o)
 .comment       0x0000000000000044       0x23 d:/devkitpro/devkitarm/bin/../lib/gcc/arm-none-eabi/9.1.0/../../../../arm-none-eabi/lib/thumb\libg.a(lib_a-ungetc.o)
 .comment       0x0000000000000044       0x23 d:/devkitpro/devkitarm/bin/../lib/gcc/arm-none-eabi/9.1.0/../../../../arm-none-eabi/lib/thumb\libg.a(lib_a-vfiprintf.o)
 .comment       0x0000000000000044       0x23 d:/devkitpro/devkitarm/bin/../lib/gcc/arm-none-eabi/9.1.0/../../../../arm-none-eabi/lib/thumb\libg.a(lib_a-wcrtomb.o)
 .comment       0x0000000000000044       0x23 d:/devkitpro/devkitarm/bin/../lib/gcc/arm-none-eabi/9.1.0/../../../../arm-none-eabi/lib/thumb\libg.a(lib_a-wcsrtombs.o)
 .comment       0x0000000000000044       0x23 d:/devkitpro/devkitarm/bin/../lib/gcc/arm-none-eabi/9.1.0/../../../../arm-none-eabi/lib/thumb\libg.a(lib_a-wsetup.o)
 .comment       0x0000000000000044       0x23 d:/devkitpro/devkitarm/bin/../lib/gcc/arm-none-eabi/9.1.0/../../../../arm-none-eabi/lib/thumb\libg.a(lib_a-ctype_.o)
 .comment       0x0000000000000044       0x23 d:/devkitpro/devkitarm/bin/../lib/gcc/arm-none-eabi/9.1.0/../../../../arm-none-eabi/lib/thumb\libg.a(lib_a-fflush.o)
 .comment       0x0000000000000044       0x23 d:/devkitpro/devkitarm/bin/../lib/gcc/arm-none-eabi/9.1.0/../../../../arm-none-eabi/lib/thumb\libg.a(lib_a-findfp.o)
 .comment       0x0000000000000044       0x23 d:/devkitpro/devkitarm/bin/../lib/gcc/arm-none-eabi/9.1.0/../../../../arm-none-eabi/lib/thumb\libg.a(lib_a-freer.o)
 .comment       0x0000000000000044       0x23 d:/devkitpro/devkitarm/bin/../lib/gcc/arm-none-eabi/9.1.0/../../../../arm-none-eabi/lib/thumb\libg.a(lib_a-fvwrite.o)
 .comment       0x0000000000000044       0x23 d:/devkitpro/devkitarm/bin/../lib/gcc/arm-none-eabi/9.1.0/../../../../arm-none-eabi/lib/thumb\libg.a(lib_a-fwalk.o)
 .comment       0x0000000000000044       0x23 d:/devkitpro/devkitarm/bin/../lib/gcc/arm-none-eabi/9.1.0/../../../../arm-none-eabi/lib/thumb\libg.a(lib_a-impure.o)
 .comment       0x0000000000000044       0x23 d:/devkitpro/devkitarm/bin/../lib/gcc/arm-none-eabi/9.1.0/../../../../arm-none-eabi/lib/thumb\libg.a(lib_a-iswspace.o)
 .comment       0x0000000000000044       0x23 d:/devkitpro/devkitarm/bin/../lib/gcc/arm-none-eabi/9.1.0/../../../../arm-none-eabi/lib/thumb\libg.a(lib_a-localeconv.o)
 .comment       0x0000000000000044       0x23 d:/devkitpro/devkitarm/bin/../lib/gcc/arm-none-eabi/9.1.0/../../../../arm-none-eabi/lib/thumb\libg.a(lib_a-locale.o)
 .comment       0x0000000000000044       0x23 d:/devkitpro/devkitarm/bin/../lib/gcc/arm-none-eabi/9.1.0/../../../../arm-none-eabi/lib/thumb\libg.a(lib_a-makebuf.o)
 .comment       0x0000000000000044       0x23 d:/devkitpro/devkitarm/bin/../lib/gcc/arm-none-eabi/9.1.0/../../../../arm-none-eabi/lib/thumb\libg.a(lib_a-malloc.o)
 .comment       0x0000000000000044       0x23 d:/devkitpro/devkitarm/bin/../lib/gcc/arm-none-eabi/9.1.0/../../../../arm-none-eabi/lib/thumb\libg.a(lib_a-mallocr.o)
 .comment       0x0000000000000044       0x23 d:/devkitpro/devkitarm/bin/../lib/gcc/arm-none-eabi/9.1.0/../../../../arm-none-eabi/lib/thumb\libg.a(lib_a-mbrtowc.o)
 .comment       0x0000000000000044       0x23 d:/devkitpro/devkitarm/bin/../lib/gcc/arm-none-eabi/9.1.0/../../../../arm-none-eabi/lib/thumb\libg.a(lib_a-mbtowc_r.o)
 .comment       0x0000000000000044       0x23 d:/devkitpro/devkitarm/bin/../lib/gcc/arm-none-eabi/9.1.0/../../../../arm-none-eabi/lib/thumb\libg.a(lib_a-memchr-stub.o)
 .comment       0x0000000000000044       0x23 d:/devkitpro/devkitarm/bin/../lib/gcc/arm-none-eabi/9.1.0/../../../../arm-none-eabi/lib/thumb\libg.a(lib_a-memmove.o)
 .comment       0x0000000000000044       0x23 d:/devkitpro/devkitarm/bin/../lib/gcc/arm-none-eabi/9.1.0/../../../../arm-none-eabi/lib/thumb\libg.a(lib_a-mlock.o)
 .comment       0x0000000000000044       0x23 d:/devkitpro/devkitarm/bin/../lib/gcc/arm-none-eabi/9.1.0/../../../../arm-none-eabi/lib/thumb\libg.a(lib_a-realloc.o)
 .comment       0x0000000000000044       0x23 d:/devkitpro/devkitarm/bin/../lib/gcc/arm-none-eabi/9.1.0/../../../../arm-none-eabi/lib/thumb\libg.a(lib_a-reallocr.o)
 .comment       0x0000000000000044       0x23 d:/devkitpro/devkitarm/bin/../lib/gcc/arm-none-eabi/9.1.0/../../../../arm-none-eabi/lib/thumb\libg.a(lib_a-sccl.o)
 .comment       0x0000000000000044       0x23 d:/devkitpro/devkitarm/bin/../lib/gcc/arm-none-eabi/9.1.0/../../../../arm-none-eabi/lib/thumb\libg.a(lib_a-strncpy.o)
 .comment       0x0000000000000044       0x23 d:/devkitpro/devkitarm/bin/../lib/gcc/arm-none-eabi/9.1.0/../../../../arm-none-eabi/lib/thumb\libg.a(lib_a-strtoll.o)
 .comment       0x0000000000000044       0x23 d:/devkitpro/devkitarm/bin/../lib/gcc/arm-none-eabi/9.1.0/../../../../arm-none-eabi/lib/thumb\libg.a(lib_a-strtol.o)
 .comment       0x0000000000000044       0x23 d:/devkitpro/devkitarm/bin/../lib/gcc/arm-none-eabi/9.1.0/../../../../arm-none-eabi/lib/thumb\libg.a(lib_a-strtoull.o)
 .comment       0x0000000000000044       0x23 d:/devkitpro/devkitarm/bin/../lib/gcc/arm-none-eabi/9.1.0/../../../../arm-none-eabi/lib/thumb\libg.a(lib_a-strtoul.o)
 .comment       0x0000000000000044       0x23 d:/devkitpro/devkitarm/bin/../lib/gcc/arm-none-eabi/9.1.0/../../../../arm-none-eabi/lib/thumb\libg.a(lib_a-svfiprintf.o)
 .comment       0x0000000000000044       0x23 d:/devkitpro/devkitarm/bin/../lib/gcc/arm-none-eabi/9.1.0/../../../../arm-none-eabi/lib/thumb\libg.a(lib_a-wcsnrtombs.o)
 .comment       0x0000000000000044       0x23 d:/devkitpro/devkitarm/bin/../lib/gcc/arm-none-eabi/9.1.0/../../../../arm-none-eabi/lib/thumb\libg.a(lib_a-wctomb_r.o)
 .comment       0x0000000000000044       0x23 d:/devkitpro/devkitarm/bin/../lib/gcc/arm-none-eabi/9.1.0/../../../../arm-none-eabi/lib/thumb\libg.a(lib_a-fclose.o)
 .comment       0x0000000000000044       0x23 d:/devkitpro/devkitarm/bin/../lib/gcc/arm-none-eabi/9.1.0/../../../../arm-none-eabi/lib/thumb\libg.a(lib_a-iswspace_l.o)
 .comment       0x0000000000000044       0x23 d:/devkitpro/devkitarm/bin/../lib/gcc/arm-none-eabi/9.1.0/../../../../arm-none-eabi/lib/thumb\libg.a(lib_a-jp2uc.o)
 .comment       0x0000000000000044       0x23 d:/devkitpro/devkitarm/bin/../lib/gcc/arm-none-eabi/9.1.0/../../../../arm-none-eabi/lib/thumb\libg.a(lib_a-categories.o)
 .comment       0x0000000000000044       0x23 d:/devkitpro/devkitarm/bin/../lib/gcc/arm-none-eabi/9.1.0/../../../../arm-none-eabi/lib/thumb\libsysbase.a(iosupport.o)
 .comment       0x0000000000000044       0x23 d:/devkitpro/devkitarm/bin/../lib/gcc/arm-none-eabi/9.1.0/../../../../arm-none-eabi/lib/thumb\libsysbase.a(fstat.o)
 .comment       0x0000000000000044       0x23 d:/devkitpro/devkitarm/bin/../lib/gcc/arm-none-eabi/9.1.0/../../../../arm-none-eabi/lib/thumb\libsysbase.a(isatty.o)
 .comment       0x0000000000000044       0x23 d:/devkitpro/devkitarm/bin/../lib/gcc/arm-none-eabi/9.1.0/../../../../arm-none-eabi/lib/thumb\libsysbase.a(lseek.o)
 .comment       0x0000000000000044       0x23 d:/devkitpro/devkitarm/bin/../lib/gcc/arm-none-eabi/9.1.0/../../../../arm-none-eabi/lib/thumb\libsysbase.a(read.o)
 .comment       0x0000000000000044       0x23 d:/devkitpro/devkitarm/bin/../lib/gcc/arm-none-eabi/9.1.0/../../../../arm-none-eabi/lib/thumb\libsysbase.a(sbrk.o)
 .comment       0x0000000000000044       0x23 d:/devkitpro/devkitarm/bin/../lib/gcc/arm-none-eabi/9.1.0/../../../../arm-none-eabi/lib/thumb\libsysbase.a(write.o)
 .comment       0x0000000000000044       0x23 d:/devkitpro/devkitarm/bin/../lib/gcc/arm-none-eabi/9.1.0/../../../../arm-none-eabi/lib/thumb\libsysbase.a(malloc_vars.o)
 .comment       0x0000000000000044       0x23 d:/devkitpro/devkitarm/bin/../lib/gcc/arm-none-eabi/9.1.0/../../../../arm-none-eabi/lib/thumb\libsysbase.a(build_argv.o)
 .comment       0x0000000000000044       0x23 d:/devkitpro/devkitarm/bin/../lib/gcc/arm-none-eabi/9.1.0/../../../../arm-none-eabi/lib/thumb\libsysbase.a(flock.o)
 .comment       0x0000000000000044       0x23 d:/devkitpro/devkitarm/bin/../lib/gcc/arm-none-eabi/9.1.0/../../../../arm-none-eabi/lib/thumb\libsysbase.a(syscall_support.o)
 .comment       0x0000000000000044       0x23 d:/devkitpro/devkitarm/bin/../lib/gcc/arm-none-eabi/9.1.0/../../../../arm-none-eabi/lib/thumb\libsysbase.a(handle_manager.o)
 .comment       0x0000000000000044       0x23 d:/devkitpro/devkitarm/bin/../lib/gcc/arm-none-eabi/9.1.0/../../../../arm-none-eabi/lib/thumb\libsysbase.a(getreent.o)
 .comment       0x0000000000000044       0x23 d:/devkitpro/devkitarm/bin/../lib/gcc/arm-none-eabi/9.1.0/thumb\libgcc.a(_muldi3.o)
 .comment       0x0000000000000044       0x23 d:/devkitpro/devkitarm/bin/../lib/gcc/arm-none-eabi/9.1.0/thumb\libgcc.a(_udivmoddi4.o)
 .comment       0x0000000000000044       0x23 d:/devkitpro/devkitarm/bin/../lib/gcc/arm-none-eabi/9.1.0/thumb/crtend.o

.ARM.attributes
                0x0000000000000000       0x2d
 .ARM.attributes
                0x0000000000000000       0x21 d:/devkitpro/devkitarm/bin/../lib/gcc/arm-none-eabi/9.1.0/../../../../arm-none-eabi/lib/thumb/ds_arm9_crt0.o
 .ARM.attributes
                0x0000000000000021       0x1c d:/devkitpro/devkitarm/bin/../lib/gcc/arm-none-eabi/9.1.0/thumb/crti.o
 .ARM.attributes
                0x000000000000003d       0x2a d:/devkitpro/devkitarm/bin/../lib/gcc/arm-none-eabi/9.1.0/thumb/crtbegin.o
 .ARM.attributes
                0x0000000000000067       0x27 Final.o
 .ARM.attributes
                0x000000000000008e       0x1a inicio.o
 .ARM.attributes
                0x00000000000000a8       0x1a hasGanado.o
 .ARM.attributes
                0x00000000000000c2       0x1a gameOver.o
 .ARM.attributes
                0x00000000000000dc       0x1a portada.o
 .ARM.attributes
                0x00000000000000f6       0x2b D:/devkitpro/libnds/lib\libnds9.a(console.o)
 .ARM.attributes
                0x0000000000000121       0x2b D:/devkitpro/libnds/lib\libnds9.a(keys.o)
 .ARM.attributes
                0x000000000000014c       0x2b D:/devkitpro/libnds/lib\libnds9.a(initSystem.o)
 .ARM.attributes
                0x0000000000000177       0x2b D:/devkitpro/libnds/lib\libnds9.a(timeSupport.o)
 .ARM.attributes
                0x00000000000001a2       0x2b D:/devkitpro/libnds/lib\libnds9.a(securearea.o)
 .ARM.attributes
                0x00000000000001cd       0x2b D:/devkitpro/libnds/lib\libnds9.a(interrupts.o)
 .ARM.attributes
                0x00000000000001f8       0x2b D:/devkitpro/libnds/lib\libnds9.a(libnds_exit.arm.o)
 .ARM.attributes
                0x0000000000000223       0x2b D:/devkitpro/libnds/lib\libnds9.a(fifosystem.o)
 .ARM.attributes
                0x000000000000024e       0x21 D:/devkitpro/libnds/lib\libnds9.a(mpu_setup.o)
 .ARM.attributes
                0x000000000000026f       0x21 D:/devkitpro/libnds/lib\libnds9.a(IntrWait.o)
 .ARM.attributes
                0x0000000000000290       0x21 D:/devkitpro/libnds/lib\libnds9.a(cpu_clock.o)
 .ARM.attributes
                0x00000000000002b1       0x1b D:/devkitpro/libnds/lib\libnds9.a(interruptDispatcher.o)
 .ARM.attributes
                0x00000000000002cc       0x21 D:/devkitpro/libnds/lib\libnds9.a(swiSoftReset.o)
 .ARM.attributes
                0x00000000000002ed       0x14 D:/devkitpro/libnds/lib\libnds9.a(default_font.bin.o)
 .ARM.attributes
                0x0000000000000301       0x2b D:/devkitpro/libnds/lib\libnds9.a(background.o)
 .ARM.attributes
                0x000000000000032c       0x2b D:/devkitpro/libnds/lib\libnds9.a(video.o)
 .ARM.attributes
                0x0000000000000357       0x2b D:/devkitpro/libnds/lib\libnds9.a(system.o)
 .ARM.attributes
                0x0000000000000382       0x2b D:/devkitpro/libnds/lib\libnds9.a(trig.o)
 .ARM.attributes
                0x00000000000003ad       0x1b D:/devkitpro/libnds/lib\libnds9.a(biosCalls.o)
 .ARM.attributes
                0x00000000000003c8       0x1c d:/devkitpro/devkitarm/bin/../lib/gcc/arm-none-eabi/9.1.0/thumb\libgcc.a(_divsi3.o)
 .ARM.attributes
                0x00000000000003e4       0x1c d:/devkitpro/devkitarm/bin/../lib/gcc/arm-none-eabi/9.1.0/thumb\libgcc.a(_dvmd_tls.o)
 .ARM.attributes
                0x0000000000000400       0x2a d:/devkitpro/devkitarm/bin/../lib/gcc/arm-none-eabi/9.1.0/../../../../arm-none-eabi/lib/thumb\libg.a(lib_a-init.o)
 .ARM.attributes
                0x000000000000042a       0x2a d:/devkitpro/devkitarm/bin/../lib/gcc/arm-none-eabi/9.1.0/../../../../arm-none-eabi/lib/thumb\libg.a(lib_a-iprintf.o)
 .ARM.attributes
                0x0000000000000454       0x2a d:/devkitpro/devkitarm/bin/../lib/gcc/arm-none-eabi/9.1.0/../../../../arm-none-eabi/lib/thumb\libg.a(lib_a-memcpy-stub.o)
 .ARM.attributes
                0x000000000000047e       0x2a d:/devkitpro/devkitarm/bin/../lib/gcc/arm-none-eabi/9.1.0/../../../../arm-none-eabi/lib/thumb\libg.a(lib_a-memset.o)
 .ARM.attributes
                0x00000000000004a8       0x2a d:/devkitpro/devkitarm/bin/../lib/gcc/arm-none-eabi/9.1.0/../../../../arm-none-eabi/lib/thumb\libg.a(lib_a-rand.o)
 .ARM.attributes
                0x00000000000004d2       0x2a d:/devkitpro/devkitarm/bin/../lib/gcc/arm-none-eabi/9.1.0/../../../../arm-none-eabi/lib/thumb\libg.a(lib_a-setvbuf.o)
 .ARM.attributes
                0x00000000000004fc       0x2a d:/devkitpro/devkitarm/bin/../lib/gcc/arm-none-eabi/9.1.0/../../../../arm-none-eabi/lib/thumb\libg.a(lib_a-siscanf.o)
 .ARM.attributes
                0x0000000000000526       0x2a d:/devkitpro/devkitarm/bin/../lib/gcc/arm-none-eabi/9.1.0/../../../../arm-none-eabi/lib/thumb\libg.a(lib_a-stdio.o)
 .ARM.attributes
                0x0000000000000550       0x2a d:/devkitpro/devkitarm/bin/../lib/gcc/arm-none-eabi/9.1.0/../../../../arm-none-eabi/lib/thumb\libg.a(lib_a-strlen-stub.o)
 .ARM.attributes
                0x000000000000057a       0x2a d:/devkitpro/devkitarm/bin/../lib/gcc/arm-none-eabi/9.1.0/../../../../arm-none-eabi/lib/thumb\libg.a(lib_a-svfiscanf.o)
 .ARM.attributes
                0x00000000000005a4       0x2a d:/devkitpro/devkitarm/bin/../lib/gcc/arm-none-eabi/9.1.0/../../../../arm-none-eabi/lib/thumb\libg.a(lib_a-ungetc.o)
 .ARM.attributes
                0x00000000000005ce       0x2a d:/devkitpro/devkitarm/bin/../lib/gcc/arm-none-eabi/9.1.0/../../../../arm-none-eabi/lib/thumb\libg.a(lib_a-vfiprintf.o)
 .ARM.attributes
                0x00000000000005f8       0x2a d:/devkitpro/devkitarm/bin/../lib/gcc/arm-none-eabi/9.1.0/../../../../arm-none-eabi/lib/thumb\libg.a(lib_a-wcrtomb.o)
 .ARM.attributes
                0x0000000000000622       0x2a d:/devkitpro/devkitarm/bin/../lib/gcc/arm-none-eabi/9.1.0/../../../../arm-none-eabi/lib/thumb\libg.a(lib_a-wcsrtombs.o)
 .ARM.attributes
                0x000000000000064c       0x2a d:/devkitpro/devkitarm/bin/../lib/gcc/arm-none-eabi/9.1.0/../../../../arm-none-eabi/lib/thumb\libg.a(lib_a-wsetup.o)
 .ARM.attributes
                0x0000000000000676       0x2a d:/devkitpro/devkitarm/bin/../lib/gcc/arm-none-eabi/9.1.0/../../../../arm-none-eabi/lib/thumb\libg.a(lib_a-ctype_.o)
 .ARM.attributes
                0x00000000000006a0       0x2a d:/devkitpro/devkitarm/bin/../lib/gcc/arm-none-eabi/9.1.0/../../../../arm-none-eabi/lib/thumb\libg.a(lib_a-fflush.o)
 .ARM.attributes
                0x00000000000006ca       0x2a d:/devkitpro/devkitarm/bin/../lib/gcc/arm-none-eabi/9.1.0/../../../../arm-none-eabi/lib/thumb\libg.a(lib_a-findfp.o)
 .ARM.attributes
                0x00000000000006f4       0x2a d:/devkitpro/devkitarm/bin/../lib/gcc/arm-none-eabi/9.1.0/../../../../arm-none-eabi/lib/thumb\libg.a(lib_a-freer.o)
 .ARM.attributes
                0x000000000000071e       0x2a d:/devkitpro/devkitarm/bin/../lib/gcc/arm-none-eabi/9.1.0/../../../../arm-none-eabi/lib/thumb\libg.a(lib_a-fvwrite.o)
 .ARM.attributes
                0x0000000000000748       0x2a d:/devkitpro/devkitarm/bin/../lib/gcc/arm-none-eabi/9.1.0/../../../../arm-none-eabi/lib/thumb\libg.a(lib_a-fwalk.o)
 .ARM.attributes
                0x0000000000000772       0x30 d:/devkitpro/devkitarm/bin/../lib/gcc/arm-none-eabi/9.1.0/../../../../arm-none-eabi/lib/thumb\libg.a(lib_a-impure.o)
 .ARM.attributes
                0x00000000000007a2       0x2a d:/devkitpro/devkitarm/bin/../lib/gcc/arm-none-eabi/9.1.0/../../../../arm-none-eabi/lib/thumb\libg.a(lib_a-iswspace.o)
 .ARM.attributes
                0x00000000000007cc       0x2a d:/devkitpro/devkitarm/bin/../lib/gcc/arm-none-eabi/9.1.0/../../../../arm-none-eabi/lib/thumb\libg.a(lib_a-localeconv.o)
 .ARM.attributes
                0x00000000000007f6       0x2a d:/devkitpro/devkitarm/bin/../lib/gcc/arm-none-eabi/9.1.0/../../../../arm-none-eabi/lib/thumb\libg.a(lib_a-locale.o)
 .ARM.attributes
                0x0000000000000820       0x2a d:/devkitpro/devkitarm/bin/../lib/gcc/arm-none-eabi/9.1.0/../../../../arm-none-eabi/lib/thumb\libg.a(lib_a-makebuf.o)
 .ARM.attributes
                0x000000000000084a       0x2a d:/devkitpro/devkitarm/bin/../lib/gcc/arm-none-eabi/9.1.0/../../../../arm-none-eabi/lib/thumb\libg.a(lib_a-malloc.o)
 .ARM.attributes
                0x0000000000000874       0x2a d:/devkitpro/devkitarm/bin/../lib/gcc/arm-none-eabi/9.1.0/../../../../arm-none-eabi/lib/thumb\libg.a(lib_a-mallocr.o)
 .ARM.attributes
                0x000000000000089e       0x2a d:/devkitpro/devkitarm/bin/../lib/gcc/arm-none-eabi/9.1.0/../../../../arm-none-eabi/lib/thumb\libg.a(lib_a-mbrtowc.o)
 .ARM.attributes
                0x00000000000008c8       0x2a d:/devkitpro/devkitarm/bin/../lib/gcc/arm-none-eabi/9.1.0/../../../../arm-none-eabi/lib/thumb\libg.a(lib_a-mbtowc_r.o)
 .ARM.attributes
                0x00000000000008f2       0x2a d:/devkitpro/devkitarm/bin/../lib/gcc/arm-none-eabi/9.1.0/../../../../arm-none-eabi/lib/thumb\libg.a(lib_a-memchr-stub.o)
 .ARM.attributes
                0x000000000000091c       0x2a d:/devkitpro/devkitarm/bin/../lib/gcc/arm-none-eabi/9.1.0/../../../../arm-none-eabi/lib/thumb\libg.a(lib_a-memmove.o)
 .ARM.attributes
                0x0000000000000946       0x2a d:/devkitpro/devkitarm/bin/../lib/gcc/arm-none-eabi/9.1.0/../../../../arm-none-eabi/lib/thumb\libg.a(lib_a-mlock.o)
 .ARM.attributes
                0x0000000000000970       0x2a d:/devkitpro/devkitarm/bin/../lib/gcc/arm-none-eabi/9.1.0/../../../../arm-none-eabi/lib/thumb\libg.a(lib_a-realloc.o)
 .ARM.attributes
                0x000000000000099a       0x2a d:/devkitpro/devkitarm/bin/../lib/gcc/arm-none-eabi/9.1.0/../../../../arm-none-eabi/lib/thumb\libg.a(lib_a-reallocr.o)
 .ARM.attributes
                0x00000000000009c4       0x2a d:/devkitpro/devkitarm/bin/../lib/gcc/arm-none-eabi/9.1.0/../../../../arm-none-eabi/lib/thumb\libg.a(lib_a-sccl.o)
 .ARM.attributes
                0x00000000000009ee       0x1a d:/devkitpro/devkitarm/bin/../lib/gcc/arm-none-eabi/9.1.0/../../../../arm-none-eabi/lib/thumb\libg.a(lib_a-strcmp.o)
 .ARM.attributes
                0x0000000000000a08       0x2a d:/devkitpro/devkitarm/bin/../lib/gcc/arm-none-eabi/9.1.0/../../../../arm-none-eabi/lib/thumb\libg.a(lib_a-strncpy.o)
 .ARM.attributes
                0x0000000000000a32       0x2a d:/devkitpro/devkitarm/bin/../lib/gcc/arm-none-eabi/9.1.0/../../../../arm-none-eabi/lib/thumb\libg.a(lib_a-strtoll.o)
 .ARM.attributes
                0x0000000000000a5c       0x2a d:/devkitpro/devkitarm/bin/../lib/gcc/arm-none-eabi/9.1.0/../../../../arm-none-eabi/lib/thumb\libg.a(lib_a-strtol.o)
 .ARM.attributes
                0x0000000000000a86       0x2a d:/devkitpro/devkitarm/bin/../lib/gcc/arm-none-eabi/9.1.0/../../../../arm-none-eabi/lib/thumb\libg.a(lib_a-strtoull.o)
 .ARM.attributes
                0x0000000000000ab0       0x2a d:/devkitpro/devkitarm/bin/../lib/gcc/arm-none-eabi/9.1.0/../../../../arm-none-eabi/lib/thumb\libg.a(lib_a-strtoul.o)
 .ARM.attributes
                0x0000000000000ada       0x2a d:/devkitpro/devkitarm/bin/../lib/gcc/arm-none-eabi/9.1.0/../../../../arm-none-eabi/lib/thumb\libg.a(lib_a-svfiprintf.o)
 .ARM.attributes
                0x0000000000000b04       0x2a d:/devkitpro/devkitarm/bin/../lib/gcc/arm-none-eabi/9.1.0/../../../../arm-none-eabi/lib/thumb\libg.a(lib_a-wcsnrtombs.o)
 .ARM.attributes
                0x0000000000000b2e       0x2a d:/devkitpro/devkitarm/bin/../lib/gcc/arm-none-eabi/9.1.0/../../../../arm-none-eabi/lib/thumb\libg.a(lib_a-wctomb_r.o)
 .ARM.attributes
                0x0000000000000b58       0x2a d:/devkitpro/devkitarm/bin/../lib/gcc/arm-none-eabi/9.1.0/../../../../arm-none-eabi/lib/thumb\libg.a(lib_a-fclose.o)
 .ARM.attributes
                0x0000000000000b82       0x2a d:/devkitpro/devkitarm/bin/../lib/gcc/arm-none-eabi/9.1.0/../../../../arm-none-eabi/lib/thumb\libg.a(lib_a-iswspace_l.o)
 .ARM.attributes
                0x0000000000000bac       0x2a d:/devkitpro/devkitarm/bin/../lib/gcc/arm-none-eabi/9.1.0/../../../../arm-none-eabi/lib/thumb\libg.a(lib_a-jp2uc.o)
 .ARM.attributes
                0x0000000000000bd6       0x2a d:/devkitpro/devkitarm/bin/../lib/gcc/arm-none-eabi/9.1.0/../../../../arm-none-eabi/lib/thumb\libg.a(lib_a-categories.o)
 .ARM.attributes
                0x0000000000000c00       0x2a d:/devkitpro/devkitarm/bin/../lib/gcc/arm-none-eabi/9.1.0/../../../../arm-none-eabi/lib/thumb\libsysbase.a(iosupport.o)
 .ARM.attributes
                0x0000000000000c2a       0x2a d:/devkitpro/devkitarm/bin/../lib/gcc/arm-none-eabi/9.1.0/../../../../arm-none-eabi/lib/thumb\libsysbase.a(fstat.o)
 .ARM.attributes
                0x0000000000000c54       0x2a d:/devkitpro/devkitarm/bin/../lib/gcc/arm-none-eabi/9.1.0/../../../../arm-none-eabi/lib/thumb\libsysbase.a(isatty.o)
 .ARM.attributes
                0x0000000000000c7e       0x2a d:/devkitpro/devkitarm/bin/../lib/gcc/arm-none-eabi/9.1.0/../../../../arm-none-eabi/lib/thumb\libsysbase.a(lseek.o)
 .ARM.attributes
                0x0000000000000ca8       0x2a d:/devkitpro/devkitarm/bin/../lib/gcc/arm-none-eabi/9.1.0/../../../../arm-none-eabi/lib/thumb\libsysbase.a(read.o)
 .ARM.attributes
                0x0000000000000cd2       0x2a d:/devkitpro/devkitarm/bin/../lib/gcc/arm-none-eabi/9.1.0/../../../../arm-none-eabi/lib/thumb\libsysbase.a(sbrk.o)
 .ARM.attributes
                0x0000000000000cfc       0x2a d:/devkitpro/devkitarm/bin/../lib/gcc/arm-none-eabi/9.1.0/../../../../arm-none-eabi/lib/thumb\libsysbase.a(write.o)
 .ARM.attributes
                0x0000000000000d26       0x30 d:/devkitpro/devkitarm/bin/../lib/gcc/arm-none-eabi/9.1.0/../../../../arm-none-eabi/lib/thumb\libsysbase.a(malloc_vars.o)
 .ARM.attributes
                0x0000000000000d56       0x2a d:/devkitpro/devkitarm/bin/../lib/gcc/arm-none-eabi/9.1.0/../../../../arm-none-eabi/lib/thumb\libsysbase.a(build_argv.o)
 .ARM.attributes
                0x0000000000000d80       0x2a d:/devkitpro/devkitarm/bin/../lib/gcc/arm-none-eabi/9.1.0/../../../../arm-none-eabi/lib/thumb\libsysbase.a(flock.o)
 .ARM.attributes
                0x0000000000000daa       0x2a d:/devkitpro/devkitarm/bin/../lib/gcc/arm-none-eabi/9.1.0/../../../../arm-none-eabi/lib/thumb\libsysbase.a(syscall_support.o)
 .ARM.attributes
                0x0000000000000dd4       0x2a d:/devkitpro/devkitarm/bin/../lib/gcc/arm-none-eabi/9.1.0/../../../../arm-none-eabi/lib/thumb\libsysbase.a(handle_manager.o)
 .ARM.attributes
                0x0000000000000dfe       0x2a d:/devkitpro/devkitarm/bin/../lib/gcc/arm-none-eabi/9.1.0/../../../../arm-none-eabi/lib/thumb\libsysbase.a(getreent.o)
 .ARM.attributes
                0x0000000000000e28       0x1c d:/devkitpro/devkitarm/bin/../lib/gcc/arm-none-eabi/9.1.0/thumb\libgcc.a(_thumb1_case_uqi.o)
 .ARM.attributes
                0x0000000000000e44       0x1c d:/devkitpro/devkitarm/bin/../lib/gcc/arm-none-eabi/9.1.0/thumb\libgcc.a(_thumb1_case_uhi.o)
 .ARM.attributes
                0x0000000000000e60       0x1c d:/devkitpro/devkitarm/bin/../lib/gcc/arm-none-eabi/9.1.0/thumb\libgcc.a(_udivsi3.o)
 .ARM.attributes
                0x0000000000000e7c       0x1c d:/devkitpro/devkitarm/bin/../lib/gcc/arm-none-eabi/9.1.0/thumb\libgcc.a(_aeabi_uldivmod.o)
 .ARM.attributes
                0x0000000000000e98       0x2a d:/devkitpro/devkitarm/bin/../lib/gcc/arm-none-eabi/9.1.0/thumb\libgcc.a(_muldi3.o)
 .ARM.attributes
                0x0000000000000ec2       0x2a d:/devkitpro/devkitarm/bin/../lib/gcc/arm-none-eabi/9.1.0/thumb\libgcc.a(_udivmoddi4.o)
 .ARM.attributes
                0x0000000000000eec       0x1c d:/devkitpro/devkitarm/bin/../lib/gcc/arm-none-eabi/9.1.0/thumb\libgcc.a(_clzdi2.o)
 .ARM.attributes
                0x0000000000000f08       0x1c d:/devkitpro/devkitarm/bin/../lib/gcc/arm-none-eabi/9.1.0/thumb\libgcc.a(_clzsi2.o)
 .ARM.attributes
                0x0000000000000f24       0x30 d:/devkitpro/devkitarm/bin/../lib/gcc/arm-none-eabi/9.1.0/thumb/crtend.o
 .ARM.attributes
                0x0000000000000f54       0x1c d:/devkitpro/devkitarm/bin/../lib/gcc/arm-none-eabi/9.1.0/thumb/crtn.o

.debug
 *(.debug)

.line
 *(.line)

.debug_srcinfo
 *(.debug_srcinfo)

.debug_sfnames
 *(.debug_sfnames)

.debug_aranges  0x0000000000000000      0x560
 *(.debug_aranges)
 .debug_aranges
                0x0000000000000000       0x28 Final.o
 .debug_aranges
                0x0000000000000028       0x88 D:/devkitpro/libnds/lib\libnds9.a(console.o)
 .debug_aranges
                0x00000000000000b0       0x50 D:/devkitpro/libnds/lib\libnds9.a(keys.o)
 .debug_aranges
                0x0000000000000100       0x20 D:/devkitpro/libnds/lib\libnds9.a(initSystem.o)
 .debug_aranges
                0x0000000000000120       0x20 D:/devkitpro/libnds/lib\libnds9.a(timeSupport.o)
 .debug_aranges
                0x0000000000000140       0x18 D:/devkitpro/libnds/lib\libnds9.a(securearea.o)
 .debug_aranges
                0x0000000000000158       0x50 D:/devkitpro/libnds/lib\libnds9.a(interrupts.o)
 .debug_aranges
                0x00000000000001a8       0x28 D:/devkitpro/libnds/lib\libnds9.a(libnds_exit.arm.o)
 .debug_aranges
                0x00000000000001d0       0xb8 D:/devkitpro/libnds/lib\libnds9.a(fifosystem.o)
 .debug_aranges
                0x0000000000000288       0x30 D:/devkitpro/libnds/lib\libnds9.a(mpu_setup.o)
 .debug_aranges
                0x00000000000002b8       0x28 D:/devkitpro/libnds/lib\libnds9.a(IntrWait.o)
 .debug_aranges
                0x00000000000002e0       0x20 D:/devkitpro/libnds/lib\libnds9.a(cpu_clock.o)
 .debug_aranges
                0x0000000000000300       0x20 D:/devkitpro/libnds/lib\libnds9.a(interruptDispatcher.o)
 .debug_aranges
                0x0000000000000320       0x20 D:/devkitpro/libnds/lib\libnds9.a(swiSoftReset.o)
 .debug_aranges
                0x0000000000000340       0x48 D:/devkitpro/libnds/lib\libnds9.a(background.o)
 .debug_aranges
                0x0000000000000388       0x48 D:/devkitpro/libnds/lib\libnds9.a(video.o)
 .debug_aranges
                0x00000000000003d0       0x68 D:/devkitpro/libnds/lib\libnds9.a(system.o)
 .debug_aranges
                0x0000000000000438       0x60 D:/devkitpro/libnds/lib\libnds9.a(trig.o)
 .debug_aranges
                0x0000000000000498       0xc8 D:/devkitpro/libnds/lib\libnds9.a(biosCalls.o)

.debug_pubnames
 *(.debug_pubnames)

.debug_info     0x0000000000000000    0x10848
 *(.debug_info)
 .debug_info    0x0000000000000000     0x2f85 Final.o
 .debug_info    0x0000000000002f85     0x2a1a D:/devkitpro/libnds/lib\libnds9.a(console.o)
 .debug_info    0x000000000000599f      0xe17 D:/devkitpro/libnds/lib\libnds9.a(keys.o)
 .debug_info    0x00000000000067b6     0x1f13 D:/devkitpro/libnds/lib\libnds9.a(initSystem.o)
 .debug_info    0x00000000000086c9      0xab7 D:/devkitpro/libnds/lib\libnds9.a(timeSupport.o)
 .debug_info    0x0000000000009180       0x59 D:/devkitpro/libnds/lib\libnds9.a(securearea.o)
 .debug_info    0x00000000000091d9      0x735 D:/devkitpro/libnds/lib\libnds9.a(interrupts.o)
 .debug_info    0x000000000000990e      0xd29 D:/devkitpro/libnds/lib\libnds9.a(libnds_exit.arm.o)
 .debug_info    0x000000000000a637     0x2197 D:/devkitpro/libnds/lib\libnds9.a(fifosystem.o)
 .debug_info    0x000000000000c7ce       0x22 D:/devkitpro/libnds/lib\libnds9.a(mpu_setup.o)
 .debug_info    0x000000000000c7f0       0x22 D:/devkitpro/libnds/lib\libnds9.a(IntrWait.o)
 .debug_info    0x000000000000c812       0x26 D:/devkitpro/libnds/lib\libnds9.a(cpu_clock.o)
 .debug_info    0x000000000000c838       0x26 D:/devkitpro/libnds/lib\libnds9.a(interruptDispatcher.o)
 .debug_info    0x000000000000c85e       0x26 D:/devkitpro/libnds/lib\libnds9.a(swiSoftReset.o)